Archive member included to satisfy reference by file (symbol)

/usr/lib/gcc/arm-none-eabi/13.2.1/thumb/v6-m/nofp/libgcc.a(_dvmd_tls.o)
                              CMakeFiles/dolos.dir/home/stheffanny/pico-sdk-clean/src/rp2_common/pico_divider/divider_hardware.S.o (__aeabi_idiv0)
/usr/lib/gcc/arm-none-eabi/13.2.1/../../../arm-none-eabi/lib/thumb/v6-m/nofp/libg.a(libc_a-calloc.o)
                              CMakeFiles/dolos.dir/home/stheffanny/pico-sdk-clean/src/rp2_common/pico_malloc/malloc.c.o (calloc)
/usr/lib/gcc/arm-none-eabi/13.2.1/../../../arm-none-eabi/lib/thumb/v6-m/nofp/libg.a(libc_a-impure.o)
                              /usr/lib/gcc/arm-none-eabi/13.2.1/../../../arm-none-eabi/lib/thumb/v6-m/nofp/libg.a(libc_a-calloc.o) (_impure_ptr)
/usr/lib/gcc/arm-none-eabi/13.2.1/../../../arm-none-eabi/lib/thumb/v6-m/nofp/libg.a(libc_a-callocr.o)
                              /usr/lib/gcc/arm-none-eabi/13.2.1/../../../arm-none-eabi/lib/thumb/v6-m/nofp/libg.a(libc_a-calloc.o) (_calloc_r)
/usr/lib/gcc/arm-none-eabi/13.2.1/../../../arm-none-eabi/lib/thumb/v6-m/nofp/libg.a(libc_a-realloc.o)
                              CMakeFiles/dolos.dir/home/stheffanny/pico-sdk-clean/src/rp2_common/pico_malloc/malloc.c.o (realloc)
/usr/lib/gcc/arm-none-eabi/13.2.1/../../../arm-none-eabi/lib/thumb/v6-m/nofp/libg.a(libc_a-mallocr.o)
                              /usr/lib/gcc/arm-none-eabi/13.2.1/../../../arm-none-eabi/lib/thumb/v6-m/nofp/libg.a(libc_a-callocr.o) (_malloc_r)
/usr/lib/gcc/arm-none-eabi/13.2.1/../../../arm-none-eabi/lib/thumb/v6-m/nofp/libg.a(libc_a-freer.o)
                              /usr/lib/gcc/arm-none-eabi/13.2.1/../../../arm-none-eabi/lib/thumb/v6-m/nofp/libg.a(libc_a-mallocr.o) (_free_r)
/usr/lib/gcc/arm-none-eabi/13.2.1/../../../arm-none-eabi/lib/thumb/v6-m/nofp/libg.a(libc_a-memcmp.o)
                              CMakeFiles/dolos.dir/home/stheffanny/pico-sdk-clean/src/rp2_common/pico_atomic/atomic.c.o (memcmp)
/usr/lib/gcc/arm-none-eabi/13.2.1/../../../arm-none-eabi/lib/thumb/v6-m/nofp/libg.a(libc_a-malloc.o)
                              CMakeFiles/dolos.dir/home/stheffanny/pico-sdk-clean/src/rp2_common/pico_malloc/malloc.c.o (malloc)
/usr/lib/gcc/arm-none-eabi/13.2.1/../../../arm-none-eabi/lib/thumb/v6-m/nofp/libg.a(libc_a-sysconf.o)
                              /usr/lib/gcc/arm-none-eabi/13.2.1/../../../arm-none-eabi/lib/thumb/v6-m/nofp/libg.a(libc_a-mallocr.o) (sysconf)
/usr/lib/gcc/arm-none-eabi/13.2.1/../../../arm-none-eabi/lib/thumb/v6-m/nofp/libg.a(libc_a-init.o)
                              /usr/lib/gcc/arm-none-eabi/13.2.1/../../../arm-none-eabi/lib/thumb/v6-m/nofp/crt0.o (__libc_init_array)
/usr/lib/gcc/arm-none-eabi/13.2.1/../../../arm-none-eabi/lib/thumb/v6-m/nofp/libg.a(libc_a-reallocr.o)
                              /usr/lib/gcc/arm-none-eabi/13.2.1/../../../arm-none-eabi/lib/thumb/v6-m/nofp/libg.a(libc_a-realloc.o) (_realloc_r)
/usr/lib/gcc/arm-none-eabi/13.2.1/../../../arm-none-eabi/lib/thumb/v6-m/nofp/libg.a(libc_a-mktime.o)
                              CMakeFiles/dolos.dir/home/stheffanny/pico-sdk-clean/src/common/pico_util/datetime.c.o (mktime)
/usr/lib/gcc/arm-none-eabi/13.2.1/../../../arm-none-eabi/lib/thumb/v6-m/nofp/libg.a(libc_a-mlock.o)
                              /usr/lib/gcc/arm-none-eabi/13.2.1/../../../arm-none-eabi/lib/thumb/v6-m/nofp/libg.a(libc_a-mallocr.o) (__malloc_lock)
/usr/lib/gcc/arm-none-eabi/13.2.1/../../../arm-none-eabi/lib/thumb/v6-m/nofp/libg.a(libc_a-findfp.o)
                              /usr/lib/gcc/arm-none-eabi/13.2.1/../../../arm-none-eabi/lib/thumb/v6-m/nofp/libg.a(libc_a-impure.o) (__sf)
/usr/lib/gcc/arm-none-eabi/13.2.1/../../../arm-none-eabi/lib/thumb/v6-m/nofp/libg.a(libc_a-tzlock.o)
                              /usr/lib/gcc/arm-none-eabi/13.2.1/../../../arm-none-eabi/lib/thumb/v6-m/nofp/libg.a(libc_a-mktime.o) (__tz_lock)
/usr/lib/gcc/arm-none-eabi/13.2.1/../../../arm-none-eabi/lib/thumb/v6-m/nofp/libg.a(libc_a-atexit.o)
                              /usr/lib/gcc/arm-none-eabi/13.2.1/../../../arm-none-eabi/lib/thumb/v6-m/nofp/crt0.o (atexit)
/usr/lib/gcc/arm-none-eabi/13.2.1/../../../arm-none-eabi/lib/thumb/v6-m/nofp/libg.a(libc_a-lcltime_r.o)
                              CMakeFiles/dolos.dir/home/stheffanny/pico-sdk-clean/src/common/pico_util/datetime.c.o (localtime_r)
/usr/lib/gcc/arm-none-eabi/13.2.1/../../../arm-none-eabi/lib/thumb/v6-m/nofp/libg.a(libc_a-strlen-stub.o)
                              CMakeFiles/dolos.dir/src/transport/usb_descriptors.c.o (strlen)
/usr/lib/gcc/arm-none-eabi/13.2.1/../../../arm-none-eabi/lib/thumb/v6-m/nofp/libg.a(libc_a-sbrkr.o)
                              /usr/lib/gcc/arm-none-eabi/13.2.1/../../../arm-none-eabi/lib/thumb/v6-m/nofp/libg.a(libc_a-mallocr.o) (_sbrk_r)
/usr/lib/gcc/arm-none-eabi/13.2.1/../../../arm-none-eabi/lib/thumb/v6-m/nofp/libg.a(libc_a-fini.o)
                              /usr/lib/gcc/arm-none-eabi/13.2.1/../../../arm-none-eabi/lib/thumb/v6-m/nofp/crt0.o (__libc_fini_array)
[...]
Memory Configuration

Name             Origin             Length             Attributes
FLASH            0x10000000         0x00200000         xr
RAM              0x20000000         0x00040000         xrw
SCRATCH_X        0x20040000         0x00001000         xrw
SCRATCH_Y        0x20041000         0x00001000         xrw
*default*        0x00000000         0xffffffff

Linker script and memory map

LOAD /usr/lib/gcc/arm-none-eabi/13.2.1/thumb/v6-m/nofp/crti.o
LOAD /usr/lib/gcc/arm-none-eabi/13.2.1/thumb/v6-m/nofp/crtbegin.o
LOAD /usr/lib/gcc/arm-none-eabi/13.2.1/../../../arm-none-eabi/lib/thumb/v6-m/nofp/crt0.o

.flash_begin    0x10000000        0x0
                0x10000000                        __flash_binary_start = .

.boot2          0x10000000      0x100
                0x10000000                        __boot2_start__ = .
 *(.boot2)
 .boot2         0x10000000      0x100 pico-sdk/src/rp2040/boot_stage2/CMakeFiles/bs2_default_library.dir/./bs2_default_padded_checksummed.S.o
                0x10000100                        __boot2_end__ = .
                0x00000001                        ASSERT (((__boot2_end__ - __boot2_start__) == 0x100), ERROR: Pico second stage bootloader must be 256 bytes in size)

.text           0x10000100     0x3ec0
                0x10000100                        __logical_binary_start = .
 *(.vectors)
 .vectors       0x10000100       0xd4 CMakeFiles/dolos.dir/home/stheffanny/pico-sdk-clean/src/rp2_common/pico_crt0/crt0.S.o
                0x10000100                __vectors
                0x10000100                __VECTOR_TABLE
                0x100001c0                isr_irq30
                0x100001c0                __unhandled_user_irq
                0x100001c0                isr_irq13
                0x100001c0                isr_irq27
                0x100001c0                isr_irq31
                0x100001c0                isr_irq5
                0x100001c0                isr_irq11
                0x100001c0                isr_irq23
                0x100001c0                isr_irq18
                0x100001c0                isr_irq28
                0x100001c0                isr_irq19
                0x100001c0                isr_irq0
                0x100001c0                isr_irq6
                0x100001c0                isr_irq22
                0x100001c0                isr_irq17
                0x100001c0                isr_irq14
                0x100001c0                __vectors_end
                0x100001c0                __default_isrs_start
                0x100001c0                isr_irq2
                0x100001c0                isr_irq10
                0x100001c0                isr_irq8
                0x100001c0                isr_irq24
                0x100001c0                isr_irq1
                0x100001c0                isr_irq7
                0x100001c0                isr_irq21
                0x100001c0                isr_irq20
                0x100001c0                isr_irq15
                0x100001c0                isr_irq25
                0x100001c0                isr_irq4
                0x100001c0                isr_irq16
                0x100001c0                isr_irq29
                0x100001c0                isr_irq26
                0x100001c0                isr_irq3
                0x100001c0                isr_irq12
                0x100001c0                isr_irq9
                0x100001c6                unhandled_user_irq_num_in_r0
                0x100001c8                isr_invalid
                0x100001ca                isr_nmi
                0x100001cc                isr_hardfault
                0x100001ce                isr_svcall
                0x100001d0                isr_pendsv
                0x100001d2                isr_systick
                0x100001d4                __default_isrs_end
 *(.binary_info_header)
 .binary_info_header
                0x100001d4       0x14 CMakeFiles/dolos.dir/home/stheffanny/pico-sdk-clean/src/rp2_common/pico_crt0/crt0.S.o
                0x100001e8                        __binary_info_header_end = .
 *(.embedded_block)
                0x100001e8                        __embedded_block_end = .
 *(.reset)
 .reset         0x100001e8       0x9c CMakeFiles/dolos.dir/home/stheffanny/pico-sdk-clean/src/rp2_common/pico_crt0/crt0.S.o
                0x100001e8                _entry_point
 *(.init)
 .init          0x10000284        0x4 /usr/lib/gcc/arm-none-eabi/13.2.1/thumb/v6-m/nofp/crti.o
                0x10000284                _init
 *(EXCLUDE_FILE(*libm.a: *libc.a:*lib_a-mem*.o *libgcc.a:) .text*)
 .text          0x10000288       0x98 /usr/lib/gcc/arm-none-eabi/13.2.1/thumb/v6-m/nofp/crtbegin.o
 .text.startup.main
                0x10000320       0x34 CMakeFiles/dolos.dir/src/main.c.o
                0x10000320                main
 .text.transport_usb_init
                0x10000354        0xc CMakeFiles/dolos.dir/src/transport/usb_transport.c.o
                0x10000354                transport_usb_init
 .text.transport_usb_task
                0x10000360       0x10 CMakeFiles/dolos.dir/src/transport/usb_transport.c.o
                0x10000360                transport_usb_task
 .text.transport_process_commands
                0x10000370       0x84 CMakeFiles/dolos.dir/src/transport/usb_transport.c.o
                0x10000370                transport_process_commands
 .text.tud_descriptor_device_cb
                0x100003f4        0x8 CMakeFiles/dolos.dir/src/transport/usb_descriptors.c.o
                0x100003f4                tud_descriptor_device_cb
 .text.tud_descriptor_configuration_cb
                0x100003fc        0x8 CMakeFiles/dolos.dir/src/transport/usb_descriptors.c.o
                0x100003fc                tud_descriptor_configuration_cb
 .text.tud_descriptor_string_cb
                0x10000404      0x134 CMakeFiles/dolos.dir/src/transport/usb_descriptors.c.o
                0x10000404                tud_descriptor_string_cb
 .text.gpio_set_function
                0x10000538       0x34 CMakeFiles/dolos.dir/home/stheffanny/pico-sdk-clean/src/rp2_common/hardware_gpio/gpio.c.o
                0x10000538                gpio_set_function
 .text.gpio_init
                0x1000056c       0x40 CMakeFiles/dolos.dir/home/stheffanny/pico-sdk-clean/src/rp2_common/hardware_gpio/gpio.c.o
                0x1000056c                gpio_init
 .text.rp2040_chip_version
                0x100005ac        0xc CMakeFiles/dolos.dir/home/stheffanny/pico-sdk-clean/src/rp2040/pico_platform/platform.c.o
                0x100005ac                rp2040_chip_version
 .text.panic    0x100005b8       0x30 CMakeFiles/dolos.dir/home/stheffanny/pico-sdk-clean/src/rp2_common/pico_platform_panic/panic.c.o
                0x100005b8                panic
 .text.hw_claim_or_assert
                0x100005e8       0x44 CMakeFiles/dolos.dir/home/stheffanny/pico-sdk-clean/src/common/hardware_claim/claim.c.o
                0x100005e8                hw_claim_or_assert
 .text.hw_claim_unused_from_range
                0x1000062c       0x9c CMakeFiles/dolos.dir/home/stheffanny/pico-sdk-clean/src/common/hardware_claim/claim.c.o
                0x1000062c                hw_claim_unused_from_range
 .text.next_striped_spin_lock_num
                0x100006c8       0x18 CMakeFiles/dolos.dir/home/stheffanny/pico-sdk-clean/src/rp2_common/hardware_sync/sync.c.o
                0x100006c8                next_striped_spin_lock_num
 .text.spin_lock_claim_unused
                0x100006e0       0x24 CMakeFiles/dolos.dir/home/stheffanny/pico-sdk-clean/src/rp2_common/hardware_sync/sync.c.o
                0x100006e0                spin_lock_claim_unused
 .text.spin_locks_reset
                0x10000704       0x1c CMakeFiles/dolos.dir/home/stheffanny/pico-sdk-clean/src/rp2_common/hardware_sync_spin_lock/sync_spin_lock.c.o
                0x10000704                spin_locks_reset
 .text.runtime_init_per_core_irq_priorities
                0x10000720       0x24 CMakeFiles/dolos.dir/home/stheffanny/pico-sdk-clean/src/rp2_common/hardware_irq/irq.c.o
                0x10000720                runtime_init_per_core_irq_priorities
 .text.irq_set_enabled
                0x10000744       0x24 CMakeFiles/dolos.dir/home/stheffanny/pico-sdk-clean/src/rp2_common/hardware_irq/irq.c.o
                0x10000744                irq_set_enabled
 .text.irq_set_exclusive_handler
                0x10000768       0x54 CMakeFiles/dolos.dir/home/stheffanny/pico-sdk-clean/src/rp2_common/hardware_irq/irq.c.o
                0x10000768                irq_set_exclusive_handler
 .text.irq_add_shared_handler
                0x100007bc      0x1f4 CMakeFiles/dolos.dir/home/stheffanny/pico-sdk-clean/src/rp2_common/hardware_irq/irq.c.o
                0x100007bc                irq_add_shared_handler
 .text.irq_remove_handler
                0x100009b0      0x1d4 CMakeFiles/dolos.dir/home/stheffanny/pico-sdk-clean/src/rp2_common/hardware_irq/irq.c.o
                0x100009b0                irq_remove_handler
 .text.irq_add_tail_to_free_list
                0x10000b84       0xb4 CMakeFiles/dolos.dir/home/stheffanny/pico-sdk-clean/src/rp2_common/hardware_irq/irq.c.o
                0x10000b84                irq_add_tail_to_free_list
 .text.lock_init
                0x10000c38       0x10 CMakeFiles/dolos.dir/home/stheffanny/pico-sdk-clean/src/common/pico_sync/lock_core.c.o
                0x10000c38                lock_init
 .text.runtime_init_mutex
                0x10000c48       0x50 CMakeFiles/dolos.dir/home/stheffanny/pico-sdk-clean/src/common/pico_sync/mutex.c.o
                0x10000c48                runtime_init_mutex
 .text.mutex_init
                0x10000c98       0x1c CMakeFiles/dolos.dir/home/stheffanny/pico-sdk-clean/src/common/pico_sync/mutex.c.o
                0x10000c98                mutex_init
 .text.critical_section_init
                0x10000cb4       0x1c CMakeFiles/dolos.dir/home/stheffanny/pico-sdk-clean/src/common/pico_sync/critical_section.c.o
                0x10000cb4                critical_section_init
 .text.sleep_until_callback
                0x10000cd0       0x30 CMakeFiles/dolos.dir/home/stheffanny/pico-sdk-clean/src/common/pico_time/time.c.o
 .text.alarm_pool_irq_handler
                0x10000d00      0x2fc CMakeFiles/dolos.dir/home/stheffanny/pico-sdk-clean/src/common/pico_time/time.c.o
 .text.runtime_init_default_alarm_pool
                0x10000ffc       0xdc CMakeFiles/dolos.dir/home/stheffanny/pico-sdk-clean/src/common/pico_time/time.c.o
                0x10000ffc                runtime_init_default_alarm_pool
 .text.alarm_pool_add_alarm_at_force_in_context
                0x100010d8       0xb0 CMakeFiles/dolos.dir/home/stheffanny/pico-sdk-clean/src/common/pico_time/time.c.o
                0x100010d8                alarm_pool_add_alarm_at_force_in_context
 .text.alarm_pool_cancel_alarm
                0x10001188       0x74 CMakeFiles/dolos.dir/home/stheffanny/pico-sdk-clean/src/common/pico_time/time.c.o
                0x10001188                alarm_pool_cancel_alarm
 .text.best_effort_wfe_or_timeout
                0x100011fc       0xf8 CMakeFiles/dolos.dir/home/stheffanny/pico-sdk-clean/src/common/pico_time/time.c.o
                0x100011fc                best_effort_wfe_or_timeout
 .text.timer_hardware_alarm_claim
                0x100012f4       0x14 CMakeFiles/dolos.dir/home/stheffanny/pico-sdk-clean/src/rp2_common/hardware_timer/timer.c.o
                0x100012f4                timer_hardware_alarm_claim
 .text.timer_time_us_64
                0x10001308       0x10 CMakeFiles/dolos.dir/home/stheffanny/pico-sdk-clean/src/rp2_common/hardware_timer/timer.c.o
                0x10001308                timer_time_us_64
 .text.time_us_64
                0x10001318       0x14 CMakeFiles/dolos.dir/home/stheffanny/pico-sdk-clean/src/rp2_common/hardware_timer/timer.c.o
                0x10001318                time_us_64
 .text.busy_wait_us
                0x1000132c       0x68 CMakeFiles/dolos.dir/home/stheffanny/pico-sdk-clean/src/rp2_common/hardware_timer/timer.c.o
                0x1000132c                busy_wait_us
 .text.uart_init
                0x10001394      0x120 CMakeFiles/dolos.dir/home/stheffanny/pico-sdk-clean/src/rp2_common/hardware_uart/uart.c.o
                0x10001394                uart_init
 .text.clock_configure_int_divider
                0x100014b4       0xf4 CMakeFiles/dolos.dir/home/stheffanny/pico-sdk-clean/src/rp2_common/hardware_clocks/clocks.c.o
                0x100014b4                clock_configure_int_divider
 .text.clock_configure_undivided
                0x100015a8       0xe8 CMakeFiles/dolos.dir/home/stheffanny/pico-sdk-clean/src/rp2_common/hardware_clocks/clocks.c.o
                0x100015a8                clock_configure_undivided
 .text.clock_get_hz
                0x10001690        0xc CMakeFiles/dolos.dir/home/stheffanny/pico-sdk-clean/src/rp2_common/hardware_clocks/clocks.c.o
                0x10001690                clock_get_hz
 .text.pll_init
                0x1000169c       0xa4 CMakeFiles/dolos.dir/home/stheffanny/pico-sdk-clean/src/rp2_common/hardware_pll/pll.c.o
                0x1000169c                pll_init
 .text.tick_start
                0x10001740       0x10 CMakeFiles/dolos.dir/home/stheffanny/pico-sdk-clean/src/rp2_common/hardware_ticks/ticks.c.o
                0x10001740                tick_start
 .text.rom_func_lookup
                0x10001750       0x10 CMakeFiles/dolos.dir/home/stheffanny/pico-sdk-clean/src/rp2_common/pico_bootrom/bootrom.c.o
                0x10001750                rom_func_lookup
 .text.rom_data_lookup
                0x10001760       0x10 CMakeFiles/dolos.dir/home/stheffanny/pico-sdk-clean/src/rp2_common/pico_bootrom/bootrom.c.o
                0x10001760                rom_data_lookup
 .text.rom_funcs_lookup
                0x10001770       0x44 CMakeFiles/dolos.dir/home/stheffanny/pico-sdk-clean/src/rp2_common/pico_bootrom/bootrom.c.o
                0x10001770                rom_funcs_lookup
 .text.xosc_init
                0x100017b4       0x28 CMakeFiles/dolos.dir/home/stheffanny/pico-sdk-clean/src/rp2_common/hardware_xosc/xosc.c.o
                0x100017b4                xosc_init
 .text.first_per_core_initializer
                0x100017dc        0x4 CMakeFiles/dolos.dir/home/stheffanny/pico-sdk-clean/src/rp2_common/pico_runtime/runtime.c.o
 .text.hard_assertion_failure
                0x100017e0        0xc CMakeFiles/dolos.dir/home/stheffanny/pico-sdk-clean/src/rp2_common/pico_runtime/runtime.c.o
                0x100017e0                hard_assertion_failure
 .text.runtime_run_initializers
                0x100017ec       0x28 CMakeFiles/dolos.dir/home/stheffanny/pico-sdk-clean/src/rp2_common/pico_runtime/runtime.c.o
                0x100017ec                runtime_run_initializers
 .text.runtime_init_early_resets
                0x10001814       0x2c CMakeFiles/dolos.dir/home/stheffanny/pico-sdk-clean/src/rp2_common/pico_runtime_init/runtime_init.c.o
                0x10001814                runtime_init_early_resets
 .text.runtime_init_usb_power_down
                0x10001840       0x1c CMakeFiles/dolos.dir/home/stheffanny/pico-sdk-clean/src/rp2_common/pico_runtime_init/runtime_init.c.o
                0x10001840                runtime_init_usb_power_down
 .text.runtime_init_post_clock_resets
                0x1000185c       0x20 CMakeFiles/dolos.dir/home/stheffanny/pico-sdk-clean/src/rp2_common/pico_runtime_init/runtime_init.c.o
                0x1000185c                runtime_init_post_clock_resets
 .text.runtime_init_rp2040_gpio_ie_disable
                0x1000187c       0x14 CMakeFiles/dolos.dir/home/stheffanny/pico-sdk-clean/src/rp2_common/pico_runtime_init/runtime_init.c.o
                0x1000187c                runtime_init_rp2040_gpio_ie_disable
 .text.runtime_init_spin_locks_reset
                0x10001890        0x8 CMakeFiles/dolos.dir/home/stheffanny/pico-sdk-clean/src/rp2_common/pico_runtime_init/runtime_init.c.o
                0x10001890                runtime_init_spin_locks_reset
 .text.runtime_init_install_ram_vector_table
                0x10001898       0xb4 CMakeFiles/dolos.dir/home/stheffanny/pico-sdk-clean/src/rp2_common/pico_runtime_init/runtime_init.c.o
                0x10001898                runtime_init_install_ram_vector_table
 .text.runtime_init_clocks
                0x1000194c       0xd8 CMakeFiles/dolos.dir/home/stheffanny/pico-sdk-clean/src/rp2_common/pico_runtime_init/runtime_init_clocks.c.o
                0x1000194c                runtime_init_clocks
 .text          0x10001a24       0x10 CMakeFiles/dolos.dir/home/stheffanny/pico-sdk-clean/src/rp2_common/pico_bit_ops/bit_ops_aeabi.S.o
 .text.__wrap___aeabi_uidiv
                0x10001a34       0x4c CMakeFiles/dolos.dir/home/stheffanny/pico-sdk-clean/src/rp2_common/pico_divider/divider_hardware.S.o
                0x10001a34                __wrap___aeabi_uidiv
                0x10001a34                __wrap___aeabi_uidivmod
                0x10001a34                div_u32u32
                0x10001a34                divmod_u32u32
                0x10001a3c                divmod_u32u32_unsafe
                0x10001a64                divmod_u32u32_savestate
 .text.__aeabi_double_init
                0x10001a80       0xa4 CMakeFiles/dolos.dir/home/stheffanny/pico-sdk-clean/src/rp2_common/pico_double/double_init_rom_rp2040.c.o
                0x10001a80                __aeabi_double_init
 .text.double_table_shim_on_use_helper
                0x10001b24       0x2c CMakeFiles/dolos.dir/home/stheffanny/pico-sdk-clean/src/rp2_common/pico_double/double_v1_rom_shim_rp2040.S.o
                0x10001b24                double_table_shim_on_use_helper
 .text.__aeabi_lmul
                0x10001b50       0x32 CMakeFiles/dolos.dir/home/stheffanny/pico-sdk-clean/src/rp2_common/pico_int64_ops/pico_int64_ops_aeabi.S.o
                0x10001b50                __wrap___aeabi_lmul
 *fill*         0x10001b82        0x2 
 .text.__aeabi_float_init
                0x10001b84       0x64 CMakeFiles/dolos.dir/home/stheffanny/pico-sdk-clean/src/rp2_common/pico_float/float_init_rom_rp2040.c.o
                0x10001b84                __aeabi_float_init
 .text.float_table_shim_on_use_helper
                0x10001be8       0x2c CMakeFiles/dolos.dir/home/stheffanny/pico-sdk-clean/src/rp2_common/pico_float/float_v1_rom_shim_rp2040.S.o
                0x10001be8                float_table_shim_on_use_helper
 .text          0x10001c14       0x10 CMakeFiles/dolos.dir/home/stheffanny/pico-sdk-clean/src/rp2_common/pico_mem_ops/mem_ops_aeabi.S.o
                0x10001c14                __aeabi_mem_init
 .text.memset   0x10001c24        0xc CMakeFiles/dolos.dir/home/stheffanny/pico-sdk-clean/src/rp2_common/pico_mem_ops/mem_ops_aeabi.S.o
                0x10001c24                __wrap_memset
 .text.memcpy   0x10001c30        0xc CMakeFiles/dolos.dir/home/stheffanny/pico-sdk-clean/src/rp2_common/pico_mem_ops/mem_ops_aeabi.S.o
                0x10001c30                __wrap___aeabi_memcpy
                0x10001c30                __wrap_memcpy
 .text._out_char
                0x10001c3c       0x10 CMakeFiles/dolos.dir/home/stheffanny/pico-sdk-clean/src/rp2_common/pico_printf/printf.c.o
 .text.weak_raw_vprintf
                0x10001c4c       0x30 CMakeFiles/dolos.dir/home/stheffanny/pico-sdk-clean/src/rp2_common/pico_printf/printf.c.o
                0x10001c4c                weak_raw_vprintf
 .text._exit    0x10001c7c        0x4 CMakeFiles/dolos.dir/home/stheffanny/pico-sdk-clean/src/rp2_common/pico_clib_interface/newlib_interface.c.o
                0x10001c7c                _exit
 .text.exit     0x10001c80        0x8 CMakeFiles/dolos.dir/home/stheffanny/pico-sdk-clean/src/rp2_common/pico_clib_interface/newlib_interface.c.o
                0x10001c80                exit
 .text.runtime_init
                0x10001c88       0x2c CMakeFiles/dolos.dir/home/stheffanny/pico-sdk-clean/src/rp2_common/pico_clib_interface/newlib_interface.c.o
                0x10001c88                runtime_init
 .text.stdio_out_chars_no_crlf
                0x10001cb4       0x10 CMakeFiles/dolos.dir/home/stheffanny/pico-sdk-clean/src/rp2_common/pico_stdio/stdio.c.o
 .text.stdio_out_chars_crlf
                0x10001cc4       0x94 CMakeFiles/dolos.dir/home/stheffanny/pico-sdk-clean/src/rp2_common/pico_stdio/stdio.c.o
 .text.stdio_put_string
                0x10001d58      0x100 CMakeFiles/dolos.dir/home/stheffanny/pico-sdk-clean/src/rp2_common/pico_stdio/stdio.c.o
                0x10001d58                stdio_put_string
 .text.stdio_set_driver_enabled
                0x10001e58       0x30 CMakeFiles/dolos.dir/home/stheffanny/pico-sdk-clean/src/rp2_common/pico_stdio/stdio.c.o
                0x10001e58                stdio_set_driver_enabled
 .text.__wrap_putchar
                0x10001e88       0x98 CMakeFiles/dolos.dir/home/stheffanny/pico-sdk-clean/src/rp2_common/pico_stdio/stdio.c.o
                0x10001e88                stdio_putchar
                0x10001e88                __wrap_putchar
 .text.__wrap_puts
                0x10001f20       0x3c CMakeFiles/dolos.dir/home/stheffanny/pico-sdk-clean/src/rp2_common/pico_stdio/stdio.c.o
                0x10001f20                __wrap_puts
                0x10001f20                stdio_puts
 .text.stdio_uart_out_chars
                0x10001f5c       0x4c CMakeFiles/dolos.dir/home/stheffanny/pico-sdk-clean/src/rp2_common/pico_stdio_uart/stdio_uart.c.o
 .text.stdio_uart_in_chars
                0x10001fa8       0x90 CMakeFiles/dolos.dir/home/stheffanny/pico-sdk-clean/src/rp2_common/pico_stdio_uart/stdio_uart.c.o
                0x10001fa8                stdio_uart_in_chars
 .text.on_uart_rx
                0x10002038       0x28 CMakeFiles/dolos.dir/home/stheffanny/pico-sdk-clean/src/rp2_common/pico_stdio_uart/stdio_uart.c.o
 .text.stdio_uart_out_flush
                0x10002060       0x14 CMakeFiles/dolos.dir/home/stheffanny/pico-sdk-clean/src/rp2_common/pico_stdio_uart/stdio_uart.c.o
 .text.stdio_uart_set_chars_available_callback
                0x10002074       0x84 CMakeFiles/dolos.dir/home/stheffanny/pico-sdk-clean/src/rp2_common/pico_stdio_uart/stdio_uart.c.o
 .text.stdio_uart_init_full
                0x100020f8       0x3c CMakeFiles/dolos.dir/home/stheffanny/pico-sdk-clean/src/rp2_common/pico_stdio_uart/stdio_uart.c.o
                0x100020f8                stdio_uart_init_full
 .text.dcd_init
                0x10002134       0x90 CMakeFiles/dolos.dir/home/stheffanny/pico-sdk-clean/lib/tinyusb/src/portable/raspberrypi/rp2040/dcd_rp2040.c.o
                0x10002134                dcd_init
 .text.dcd_int_enable
                0x100021c4        0xc CMakeFiles/dolos.dir/home/stheffanny/pico-sdk-clean/lib/tinyusb/src/portable/raspberrypi/rp2040/dcd_rp2040.c.o
                0x100021c4                dcd_int_enable
 .text.dcd_set_address
                0x100021d0       0x14 CMakeFiles/dolos.dir/home/stheffanny/pico-sdk-clean/lib/tinyusb/src/portable/raspberrypi/rp2040/dcd_rp2040.c.o
                0x100021d0                dcd_set_address
 .text.dcd_sof_enable
                0x100021e4       0x1c CMakeFiles/dolos.dir/home/stheffanny/pico-sdk-clean/lib/tinyusb/src/portable/raspberrypi/rp2040/dcd_rp2040.c.o
                0x100021e4                dcd_sof_enable
 .text.dcd_edpt0_status_complete
                0x10002200       0x1c CMakeFiles/dolos.dir/home/stheffanny/pico-sdk-clean/lib/tinyusb/src/portable/raspberrypi/rp2040/dcd_rp2040.c.o
                0x10002200                dcd_edpt0_status_complete
 .text.dcd_edpt_open
                0x1000221c      0x114 CMakeFiles/dolos.dir/home/stheffanny/pico-sdk-clean/lib/tinyusb/src/portable/raspberrypi/rp2040/dcd_rp2040.c.o
                0x1000221c                dcd_edpt_open
 .text.dcd_edpt_close_all
                0x10002330        0x8 CMakeFiles/dolos.dir/home/stheffanny/pico-sdk-clean/lib/tinyusb/src/portable/raspberrypi/rp2040/dcd_rp2040.c.o
                0x10002330                dcd_edpt_close_all
 .text.dcd_edpt_xfer
                0x10002338       0x24 CMakeFiles/dolos.dir/home/stheffanny/pico-sdk-clean/lib/tinyusb/src/portable/raspberrypi/rp2040/dcd_rp2040.c.o
                0x10002338                dcd_edpt_xfer
 .text.dcd_edpt_stall
                0x1000235c       0x34 CMakeFiles/dolos.dir/home/stheffanny/pico-sdk-clean/lib/tinyusb/src/portable/raspberrypi/rp2040/dcd_rp2040.c.o
                0x1000235c                dcd_edpt_stall
 .text.dcd_edpt_clear_stall
                0x10002390       0x30 CMakeFiles/dolos.dir/home/stheffanny/pico-sdk-clean/lib/tinyusb/src/portable/raspberrypi/rp2040/dcd_rp2040.c.o
                0x10002390                dcd_edpt_clear_stall
 .text.rp2040_usb_init
                0x100023c0       0x40 CMakeFiles/dolos.dir/home/stheffanny/pico-sdk-clean/lib/tinyusb/src/portable/raspberrypi/rp2040/rp2040_usb.c.o
                0x100023c0                rp2040_usb_init
 .text.hw_endpoint_xfer_start
                0x10002400       0x40 CMakeFiles/dolos.dir/home/stheffanny/pico-sdk-clean/lib/tinyusb/src/portable/raspberrypi/rp2040/rp2040_usb.c.o
                0x10002400                hw_endpoint_xfer_start
 .text.tud_vendor_control_xfer_cb
                0x10002440        0x4 CMakeFiles/dolos.dir/home/stheffanny/pico-sdk-clean/lib/tinyusb/src/device/usbd.c.o
                0x10002440                tud_vendor_control_xfer_cb
 .text.tud_event_hook_cb
                0x10002444        0x4 CMakeFiles/dolos.dir/home/stheffanny/pico-sdk-clean/lib/tinyusb/src/device/usbd.c.o
                0x10002444                tud_event_hook_cb
 .text.tud_sof_cb
                0x10002448        0x4 CMakeFiles/dolos.dir/home/stheffanny/pico-sdk-clean/lib/tinyusb/src/device/usbd.c.o
                0x10002448                tud_sof_cb
 .text.tud_descriptor_bos_cb
                0x1000244c        0x4 CMakeFiles/dolos.dir/home/stheffanny/pico-sdk-clean/lib/tinyusb/src/device/usbd.c.o
                0x1000244c                tud_descriptor_bos_cb
 .text.tud_descriptor_device_qualifier_cb
                0x10002450        0x4 CMakeFiles/dolos.dir/home/stheffanny/pico-sdk-clean/lib/tinyusb/src/device/usbd.c.o
                0x10002450                tud_descriptor_device_qualifier_cb
 .text.tud_descriptor_other_speed_configuration_cb
                0x10002454        0x4 CMakeFiles/dolos.dir/home/stheffanny/pico-sdk-clean/lib/tinyusb/src/device/usbd.c.o
                0x10002454                tud_descriptor_other_speed_configuration_cb
 .text.tud_mount_cb
                0x10002458        0x4 CMakeFiles/dolos.dir/home/stheffanny/pico-sdk-clean/lib/tinyusb/src/device/usbd.c.o
                0x10002458                tud_mount_cb
 .text.tud_umount_cb
                0x1000245c        0x4 CMakeFiles/dolos.dir/home/stheffanny/pico-sdk-clean/lib/tinyusb/src/device/usbd.c.o
                0x1000245c                tud_umount_cb
 .text.tud_suspend_cb
                0x10002460        0x4 CMakeFiles/dolos.dir/home/stheffanny/pico-sdk-clean/lib/tinyusb/src/device/usbd.c.o
                0x10002460                tud_suspend_cb
 .text.tud_resume_cb
                0x10002464        0x4 CMakeFiles/dolos.dir/home/stheffanny/pico-sdk-clean/lib/tinyusb/src/device/usbd.c.o
                0x10002464                tud_resume_cb
 .text.tud_mounted
                0x10002468       0x10 CMakeFiles/dolos.dir/home/stheffanny/pico-sdk-clean/lib/tinyusb/src/device/usbd.c.o
                0x10002468                tud_mounted
 .text.tud_suspended
                0x10002478       0x10 CMakeFiles/dolos.dir/home/stheffanny/pico-sdk-clean/lib/tinyusb/src/device/usbd.c.o
                0x10002478                tud_suspended
 .text.tud_rhport_init
                0x10002488       0xf4 CMakeFiles/dolos.dir/home/stheffanny/pico-sdk-clean/lib/tinyusb/src/device/usbd.c.o
                0x10002488                tud_rhport_init
 .text.tud_task_ext
                0x1000257c      0x7d8 CMakeFiles/dolos.dir/home/stheffanny/pico-sdk-clean/lib/tinyusb/src/device/usbd.c.o
                0x1000257c                tud_task_ext
 .text.usbd_open_edpt_pair
                0x10002d54       0x9c CMakeFiles/dolos.dir/home/stheffanny/pico-sdk-clean/lib/tinyusb/src/device/usbd.c.o
                0x10002d54                usbd_open_edpt_pair
 .text.usbd_edpt_open
                0x10002df0       0x34 CMakeFiles/dolos.dir/home/stheffanny/pico-sdk-clean/lib/tinyusb/src/device/usbd.c.o
                0x10002df0                usbd_edpt_open
 .text.usbd_edpt_claim
                0x10002e24       0x28 CMakeFiles/dolos.dir/home/stheffanny/pico-sdk-clean/lib/tinyusb/src/device/usbd.c.o
                0x10002e24                usbd_edpt_claim
 .text.usbd_edpt_release
                0x10002e4c       0x28 CMakeFiles/dolos.dir/home/stheffanny/pico-sdk-clean/lib/tinyusb/src/device/usbd.c.o
                0x10002e4c                usbd_edpt_release
 .text.usbd_edpt_xfer
                0x10002e74       0x4c CMakeFiles/dolos.dir/home/stheffanny/pico-sdk-clean/lib/tinyusb/src/device/usbd.c.o
                0x10002e74                usbd_edpt_xfer
 .text.tud_control_status
                0x10002ec0       0x2c CMakeFiles/dolos.dir/home/stheffanny/pico-sdk-clean/lib/tinyusb/src/device/usbd_control.c.o
                0x10002ec0                tud_control_status
 .text.tud_control_xfer
                0x10002eec       0xac CMakeFiles/dolos.dir/home/stheffanny/pico-sdk-clean/lib/tinyusb/src/device/usbd_control.c.o
                0x10002eec                tud_control_xfer
 .text.usbd_control_reset
                0x10002f98       0x14 CMakeFiles/dolos.dir/home/stheffanny/pico-sdk-clean/lib/tinyusb/src/device/usbd_control.c.o
                0x10002f98                usbd_control_reset
 .text.usbd_control_set_complete_callback
                0x10002fac        0xc CMakeFiles/dolos.dir/home/stheffanny/pico-sdk-clean/lib/tinyusb/src/device/usbd_control.c.o
                0x10002fac                usbd_control_set_complete_callback
 .text.usbd_control_set_request
                0x10002fb8       0x1c CMakeFiles/dolos.dir/home/stheffanny/pico-sdk-clean/lib/tinyusb/src/device/usbd_control.c.o
                0x10002fb8                usbd_control_set_request
 .text.usbd_control_xfer_cb
                0x10002fd4       0xec CMakeFiles/dolos.dir/home/stheffanny/pico-sdk-clean/lib/tinyusb/src/device/usbd_control.c.o
                0x10002fd4                usbd_control_xfer_cb
 .text._prep_out_transaction.isra.0
                0x100030c0       0x6c CMakeFiles/dolos.dir/home/stheffanny/pico-sdk-clean/lib/tinyusb/src/class/cdc/cdc_device.c.o
 .text.tud_cdc_n_available
                0x1000312c       0x14 CMakeFiles/dolos.dir/home/stheffanny/pico-sdk-clean/lib/tinyusb/src/class/cdc/cdc_device.c.o
                0x1000312c                tud_cdc_n_available
 .text.tud_cdc_n_read
                0x10003140       0x94 CMakeFiles/dolos.dir/home/stheffanny/pico-sdk-clean/lib/tinyusb/src/class/cdc/cdc_device.c.o
                0x10003140                tud_cdc_n_read
 .text.tud_cdc_n_read_flush
                0x100031d4       0x74 CMakeFiles/dolos.dir/home/stheffanny/pico-sdk-clean/lib/tinyusb/src/class/cdc/cdc_device.c.o
                0x100031d4                tud_cdc_n_read_flush
 .text.tud_cdc_n_write_flush
                0x10003248       0x74 CMakeFiles/dolos.dir/home/stheffanny/pico-sdk-clean/lib/tinyusb/src/class/cdc/cdc_device.c.o
                0x10003248                tud_cdc_n_write_flush
 .text.tud_cdc_n_write
                0x100032bc       0x40 CMakeFiles/dolos.dir/home/stheffanny/pico-sdk-clean/lib/tinyusb/src/class/cdc/cdc_device.c.o
                0x100032bc                tud_cdc_n_write
 .text.cdcd_init
                0x100032fc       0x70 CMakeFiles/dolos.dir/home/stheffanny/pico-sdk-clean/lib/tinyusb/src/class/cdc/cdc_device.c.o
                0x100032fc                cdcd_init
 .text.cdcd_deinit
                0x1000336c       0x34 CMakeFiles/dolos.dir/home/stheffanny/pico-sdk-clean/lib/tinyusb/src/class/cdc/cdc_device.c.o
                0x1000336c                cdcd_deinit
 .text.cdcd_reset
                0x100033a0       0x4c CMakeFiles/dolos.dir/home/stheffanny/pico-sdk-clean/lib/tinyusb/src/class/cdc/cdc_device.c.o
                0x100033a0                cdcd_reset
 .text.cdcd_open
                0x100033ec       0xa8 CMakeFiles/dolos.dir/home/stheffanny/pico-sdk-clean/lib/tinyusb/src/class/cdc/cdc_device.c.o
                0x100033ec                cdcd_open
 .text.cdcd_control_xfer_cb
                0x10003494       0xe8 CMakeFiles/dolos.dir/home/stheffanny/pico-sdk-clean/lib/tinyusb/src/class/cdc/cdc_device.c.o
                0x10003494                cdcd_control_xfer_cb
 .text.cdcd_xfer_cb
                0x1000357c      0x100 CMakeFiles/dolos.dir/home/stheffanny/pico-sdk-clean/lib/tinyusb/src/class/cdc/cdc_device.c.o
                0x1000357c                cdcd_xfer_cb
 .text.tusb_rhport_init
                0x1000367c       0x48 CMakeFiles/dolos.dir/home/stheffanny/pico-sdk-clean/lib/tinyusb/src/tusb.c.o
                0x1000367c                tusb_rhport_init
 .text.tu_edpt_claim
                0x100036c4       0x50 CMakeFiles/dolos.dir/home/stheffanny/pico-sdk-clean/lib/tinyusb/src/tusb.c.o
                0x100036c4                tu_edpt_claim
 .text.tu_edpt_release
                0x10003714       0x38 CMakeFiles/dolos.dir/home/stheffanny/pico-sdk-clean/lib/tinyusb/src/tusb.c.o
                0x10003714                tu_edpt_release
 .text.tu_edpt_validate
                0x1000374c       0x7c CMakeFiles/dolos.dir/home/stheffanny/pico-sdk-clean/lib/tinyusb/src/tusb.c.o
                0x1000374c                tu_edpt_validate
 .text.tu_edpt_bind_driver
                0x100037c8       0x34 CMakeFiles/dolos.dir/home/stheffanny/pico-sdk-clean/lib/tinyusb/src/tusb.c.o
                0x100037c8                tu_edpt_bind_driver
 .text.tu_fifo_config
                0x100037fc       0x6c CMakeFiles/dolos.dir/home/stheffanny/pico-sdk-clean/lib/tinyusb/src/common/tusb_fifo.c.o
                0x100037fc                tu_fifo_config
 .text.tu_fifo_count
                0x10003868       0x2c CMakeFiles/dolos.dir/home/stheffanny/pico-sdk-clean/lib/tinyusb/src/common/tusb_fifo.c.o
                0x10003868                tu_fifo_count
 .text.tu_fifo_empty
                0x10003894       0x10 CMakeFiles/dolos.dir/home/stheffanny/pico-sdk-clean/lib/tinyusb/src/common/tusb_fifo.c.o
                0x10003894                tu_fifo_empty
 .text.tu_fifo_remaining
                0x100038a4       0x2c CMakeFiles/dolos.dir/home/stheffanny/pico-sdk-clean/lib/tinyusb/src/common/tusb_fifo.c.o
                0x100038a4                tu_fifo_remaining
 .text.tu_fifo_read
                0x100038d0       0x9c CMakeFiles/dolos.dir/home/stheffanny/pico-sdk-clean/lib/tinyusb/src/common/tusb_fifo.c.o
                0x100038d0                tu_fifo_read
 .text.tu_fifo_read_n
                0x1000396c       0xe8 CMakeFiles/dolos.dir/home/stheffanny/pico-sdk-clean/lib/tinyusb/src/common/tusb_fifo.c.o
                0x1000396c                tu_fifo_read_n
 .text.tu_fifo_write
                0x10003a54       0xa8 CMakeFiles/dolos.dir/home/stheffanny/pico-sdk-clean/lib/tinyusb/src/common/tusb_fifo.c.o
                0x10003a54                tu_fifo_write
 .text.tu_fifo_write_n
                0x10003afc      0x178 CMakeFiles/dolos.dir/home/stheffanny/pico-sdk-clean/lib/tinyusb/src/common/tusb_fifo.c.o
                0x10003afc                tu_fifo_write_n
 .text.tu_fifo_clear
                0x10003c74       0x40 CMakeFiles/dolos.dir/home/stheffanny/pico-sdk-clean/lib/tinyusb/src/common/tusb_fifo.c.o
                0x10003c74                tu_fifo_clear
 .text.tu_fifo_set_overwritable
                0x10003cb4       0x48 CMakeFiles/dolos.dir/home/stheffanny/pico-sdk-clean/lib/tinyusb/src/common/tusb_fifo.c.o
                0x10003cb4                tu_fifo_set_overwritable
 .text.board_init
                0x10003cfc       0x30 CMakeFiles/dolos.dir/home/stheffanny/pico-sdk-clean/lib/tinyusb/hw/bsp/rp2040/family.c.o
                0x10003cfc                board_init
 .text.board_get_unique_id
                0x10003d2c       0x24 CMakeFiles/dolos.dir/home/stheffanny/pico-sdk-clean/lib/tinyusb/hw/bsp/rp2040/family.c.o
                0x10003d2c                board_get_unique_id
 .text.startup._retrieve_unique_id_on_boot
                0x10003d50       0x10 CMakeFiles/dolos.dir/home/stheffanny/pico-sdk-clean/src/rp2_common/pico_unique_id/unique_id.c.o
 .text.pico_get_unique_board_id
                0x10003d60       0x10 CMakeFiles/dolos.dir/home/stheffanny/pico-sdk-clean/src/rp2_common/pico_unique_id/unique_id.c.o
                0x10003d60                pico_get_unique_board_id
 .text.flash_get_unique_id
                0x10003d70       0x3c CMakeFiles/dolos.dir/home/stheffanny/pico-sdk-clean/src/rp2_common/hardware_flash/flash.c.o
                0x10003d70                flash_get_unique_id
 .text          0x10003dac       0x10 /usr/lib/gcc/arm-none-eabi/13.2.1/../../../arm-none-eabi/lib/thumb/v6-m/nofp/libg.a(libc_a-atexit.o)
                0x10003dac                atexit
 .text          0x10003dbc       0x5c /usr/lib/gcc/arm-none-eabi/13.2.1/../../../arm-none-eabi/lib/thumb/v6-m/nofp/libg.a(libc_a-strlen-stub.o)
                0x10003dbc                strlen
 .text          0x10003e18       0x28 /usr/lib/gcc/arm-none-eabi/13.2.1/../../../arm-none-eabi/lib/thumb/v6-m/nofp/libg.a(libc_a-fini.o)
                0x10003e18                __libc_fini_array
 .text          0x10003e40       0x78 /usr/lib/gcc/arm-none-eabi/13.2.1/../../../arm-none-eabi/lib/thumb/v6-m/nofp/libg.a(libc_a-__atexit.o)
                0x10003e40                __register_exitproc
 .text.startup  0x10003eb8       0x18 /usr/lib/gcc/arm-none-eabi/13.2.1/../../../arm-none-eabi/lib/thumb/v6-m/nofp/libg.a(libc_a-__call_atexit.o)
 *(.fini)
 .fini          0x10003ed0        0x4 /usr/lib/gcc/arm-none-eabi/13.2.1/thumb/v6-m/nofp/crti.o
                0x10003ed0                _fini
 *fill*         0x10003ed4        0x4 
 .fini.__stub   0x10003ed8       0xa0 linker stubs
 *crtbegin.o(.ctors)
 *crtbegin?.o(.ctors)
 *(EXCLUDE_FILE(*crtend.o *crtend?.o) .ctors)
 *(SORT_BY_NAME(.ctors.*))
 *(.ctors)
 *crtbegin.o(.dtors)
 *crtbegin?.o(.dtors)
 *(EXCLUDE_FILE(*crtend.o *crtend?.o) .dtors)
 *(SORT_BY_NAME(.dtors.*))
 *(.dtors)
                0x10003f78                        . = ALIGN (0x4)
                0x10003f78                        PROVIDE (__preinit_array_start = .)
 *(SORT_BY_NAME(.preinit_array.*))
 .preinit_array.00100
                0x10003f78        0x4 CMakeFiles/dolos.dir/home/stheffanny/pico-sdk-clean/src/rp2_common/pico_runtime_init/runtime_init.c.o
                0x10003f78                __pre_init_runtime_init_early_resets
 .preinit_array.00101
                0x10003f7c        0x4 CMakeFiles/dolos.dir/home/stheffanny/pico-sdk-clean/src/rp2_common/pico_runtime_init/runtime_init.c.o
                0x10003f7c                __pre_init_runtime_init_usb_power_down
 .preinit_array.00275
                0x10003f80        0x4 CMakeFiles/dolos.dir/home/stheffanny/pico-sdk-clean/src/rp2_common/pico_bit_ops/bit_ops_aeabi.S.o
 .preinit_array.00300
                0x10003f84        0x4 CMakeFiles/dolos.dir/home/stheffanny/pico-sdk-clean/src/rp2_common/pico_mem_ops/mem_ops_aeabi.S.o
 .preinit_array.00350
                0x10003f88        0x4 CMakeFiles/dolos.dir/home/stheffanny/pico-sdk-clean/src/rp2_common/pico_double/double_aeabi_rp2040.S.o
 .preinit_array.00350
                0x10003f8c        0x4 CMakeFiles/dolos.dir/home/stheffanny/pico-sdk-clean/src/rp2_common/pico_float/float_aeabi_rp2040.S.o
 .preinit_array.00500
                0x10003f90        0x4 CMakeFiles/dolos.dir/home/stheffanny/pico-sdk-clean/src/rp2_common/pico_runtime_init/runtime_init.c.o
                0x10003f90                __pre_init_runtime_init_clocks
 .preinit_array.00600
                0x10003f94        0x4 CMakeFiles/dolos.dir/home/stheffanny/pico-sdk-clean/src/rp2_common/pico_runtime_init/runtime_init.c.o
                0x10003f94                __pre_init_runtime_init_post_clock_resets
 .preinit_array.00700
                0x10003f98        0x4 CMakeFiles/dolos.dir/home/stheffanny/pico-sdk-clean/src/rp2_common/pico_runtime_init/runtime_init.c.o
                0x10003f98                __pre_init_runtime_init_rp2040_gpio_ie_disable
 .preinit_array.01000
                0x10003f9c        0x4 CMakeFiles/dolos.dir/home/stheffanny/pico-sdk-clean/src/rp2_common/pico_runtime_init/runtime_init.c.o
                0x10003f9c                __pre_init_runtime_init_spin_locks_reset
 .preinit_array.01100
                0x10003fa0        0x4 CMakeFiles/dolos.dir/home/stheffanny/pico-sdk-clean/src/common/pico_sync/mutex.c.o
                0x10003fa0                __pre_init_runtime_init_mutex
 .preinit_array.10080
                0x10003fa4        0x4 CMakeFiles/dolos.dir/home/stheffanny/pico-sdk-clean/src/rp2_common/pico_runtime_init/runtime_init.c.o
                0x10003fa4                __pre_init_runtime_init_install_ram_vector_table
 .preinit_array.11000
                0x10003fa8        0x4 CMakeFiles/dolos.dir/home/stheffanny/pico-sdk-clean/src/common/pico_time/time.c.o
                0x10003fa8                __pre_init_runtime_init_default_alarm_pool
 .preinit_array.YYYYY
                0x10003fac        0x4 CMakeFiles/dolos.dir/home/stheffanny/pico-sdk-clean/src/rp2_common/pico_runtime/runtime.c.o
                0x10003fac                __pre_init_first_per_core_initializer
 .preinit_array.ZZZZZ.01200
                0x10003fb0        0x4 CMakeFiles/dolos.dir/home/stheffanny/pico-sdk-clean/src/rp2_common/hardware_irq/irq.c.o
                0x10003fb0                __pre_init_runtime_init_per_core_irq_priorities
 *(.preinit_array)
                0x10003fb4                        PROVIDE (__preinit_array_end = .)
                0x10003fb4                        . = ALIGN (0x4)
                0x10003fb4                        PROVIDE (__init_array_start = .)
 *(SORT_BY_NAME(.init_array.*))
 .init_array.00000
                0x10003fb4        0x4 /usr/lib/gcc/arm-none-eabi/13.2.1/../../../arm-none-eabi/lib/thumb/v6-m/nofp/libg.a(libc_a-__call_atexit.o)
 .init_array.01000
                0x10003fb8        0x4 CMakeFiles/dolos.dir/home/stheffanny/pico-sdk-clean/src/rp2_common/pico_unique_id/unique_id.c.o
 *(.init_array)
 .init_array    0x10003fbc        0x4 /usr/lib/gcc/arm-none-eabi/13.2.1/thumb/v6-m/nofp/crtbegin.o
                0x10003fc0                        PROVIDE (__init_array_end = .)
                0x10003fc0                        . = ALIGN (0x4)
                0x10003fc0                        PROVIDE (__fini_array_start = .)
 *(SORT_BY_NAME(.fini_array.*))
 *(.fini_array)
                0x10003fc0                        PROVIDE (__fini_array_end = .)
 *(.eh_frame*)
 .eh_frame      0x10003fc0        0x0 /usr/lib/gcc/arm-none-eabi/13.2.1/thumb/v6-m/nofp/crtbegin.o
                0x10003fc0                        . = ALIGN (0x4)

.glue_7         0x10003fc0        0x0
 .glue_7        0x10003fc0        0x0 linker stubs

.glue_7t        0x10003fc0        0x0
 .glue_7t       0x10003fc0        0x0 linker stubs

.vfp11_veneer   0x10003fc0        0x0
 .vfp11_veneer  0x10003fc0        0x0 linker stubs

.v4_bx          0x10003fc0        0x0
 .v4_bx         0x10003fc0        0x0 linker stubs

.iplt           0x10003fc0        0x0
 .iplt          0x10003fc0        0x0 /usr/lib/gcc/arm-none-eabi/13.2.1/thumb/v6-m/nofp/crtbegin.o

.rodata         0x10003fc0      0x310
 *(EXCLUDE_FILE(*libm.a: *libc.a:*lib_a-mem*.o *libgcc.a:) .rodata*)
 .rodata.transport_process_commands.str1.4
                0x10003fc0      0x164 CMakeFiles/dolos.dir/src/transport/usb_transport.c.o
                                 0x1f (size before relaxing)
 .rodata.tud_descriptor_string_cb.str1.4
                0x10004124       0x11 CMakeFiles/dolos.dir/src/transport/usb_descriptors.c.o
 .rodata.str1.4
                0x10004124       0x2e CMakeFiles/dolos.dir/src/transport/usb_descriptors.c.o
 .rodata.string_desc_arr
                0x10004124       0x14 CMakeFiles/dolos.dir/src/transport/usb_descriptors.c.o
 .rodata.__compound_literal.0
                0x10004138        0x2 CMakeFiles/dolos.dir/src/transport/usb_descriptors.c.o
 *fill*         0x1000413a        0x2 
 .rodata.desc_fs_configuration
                0x1000413c       0x4b CMakeFiles/dolos.dir/src/transport/usb_descriptors.c.o
 *fill*         0x10004187        0x1 
 .rodata.desc_device
                0x10004188       0x12 CMakeFiles/dolos.dir/src/transport/usb_descriptors.c.o
 .rodata.panic.str1.4
                0x1000419a       0x12 CMakeFiles/dolos.dir/home/stheffanny/pico-sdk-clean/src/rp2_common/pico_platform_panic/panic.c.o
 .rodata.spin_lock_claim_unused.str1.4
                0x1000419a       0x1b CMakeFiles/dolos.dir/home/stheffanny/pico-sdk-clean/src/rp2_common/hardware_sync/sync.c.o
 .rodata.timer_hardware_alarm_claim.str1.4
                0x1000419a       0x22 CMakeFiles/dolos.dir/home/stheffanny/pico-sdk-clean/src/rp2_common/hardware_timer/timer.c.o
 .rodata.hard_assertion_failure.str1.4
                0x1000419a        0xc CMakeFiles/dolos.dir/home/stheffanny/pico-sdk-clean/src/rp2_common/pico_runtime/runtime.c.o
 .rodata.str1.4
                0x1000419a       0x3c CMakeFiles/dolos.dir/home/stheffanny/pico-sdk-clean/src/rp2_common/pico_standard_binary_info/standard_binary_info.c.o
 *fill*         0x1000419a        0x2 
 .rodata.__bi_84
                0x1000419c        0xc CMakeFiles/dolos.dir/home/stheffanny/pico-sdk-clean/src/rp2_common/pico_standard_binary_info/standard_binary_info.c.o
 .rodata.__bi_78
                0x100041a8        0xc CMakeFiles/dolos.dir/home/stheffanny/pico-sdk-clean/src/rp2_common/pico_standard_binary_info/standard_binary_info.c.o
 .rodata.__bi_54
                0x100041b4        0xc CMakeFiles/dolos.dir/home/stheffanny/pico-sdk-clean/src/rp2_common/pico_standard_binary_info/standard_binary_info.c.o
 .rodata.__bi_48
                0x100041c0        0xc CMakeFiles/dolos.dir/home/stheffanny/pico-sdk-clean/src/rp2_common/pico_standard_binary_info/standard_binary_info.c.o
 .rodata.__bi_42
                0x100041cc        0xc CMakeFiles/dolos.dir/home/stheffanny/pico-sdk-clean/src/rp2_common/pico_standard_binary_info/standard_binary_info.c.o
 .rodata.__bi_34
                0x100041d8        0xc CMakeFiles/dolos.dir/home/stheffanny/pico-sdk-clean/src/rp2_common/pico_standard_binary_info/standard_binary_info.c.o
 .rodata.__bi_26
                0x100041e4        0xc CMakeFiles/dolos.dir/home/stheffanny/pico-sdk-clean/src/rp2_common/pico_standard_binary_info/standard_binary_info.c.o
 .rodata.crlf_str.0
                0x100041f0        0x2 CMakeFiles/dolos.dir/home/stheffanny/pico-sdk-clean/src/rp2_common/pico_stdio/stdio.c.o
 .rodata.str1.4
                0x100041f2       0x14 CMakeFiles/dolos.dir/home/stheffanny/pico-sdk-clean/lib/tinyusb/src/portable/raspberrypi/rp2040/dcd_rp2040.c.o
 .rodata.str1.4
                0x100041f2       0x48 CMakeFiles/dolos.dir/home/stheffanny/pico-sdk-clean/lib/tinyusb/src/portable/raspberrypi/rp2040/rp2040_usb.c.o
 *fill*         0x100041f2        0x2 
 .rodata.tud_task_ext
                0x100041f4       0x8c CMakeFiles/dolos.dir/home/stheffanny/pico-sdk-clean/lib/tinyusb/src/device/usbd.c.o
 .rodata        0x10004280       0x1c CMakeFiles/dolos.dir/home/stheffanny/pico-sdk-clean/lib/tinyusb/src/device/usbd.c.o
 .rodata._usbd_driver
                0x1000429c       0x20 CMakeFiles/dolos.dir/home/stheffanny/pico-sdk-clean/lib/tinyusb/src/device/usbd.c.o
 .rodata.str1.4
                0x100042bc        0x4 CMakeFiles/dolos.dir/home/stheffanny/pico-sdk-clean/lib/tinyusb/hw/bsp/rp2040/family.c.o
 .rodata.__bi_153.0
                0x100042bc        0xc CMakeFiles/dolos.dir/home/stheffanny/pico-sdk-clean/lib/tinyusb/hw/bsp/rp2040/family.c.o
 .rodata.__bi_163.1
                0x100042c8        0x8 CMakeFiles/dolos.dir/home/stheffanny/pico-sdk-clean/lib/tinyusb/hw/bsp/rp2040/family.c.o
                0x100042d0                        . = ALIGN (0x4)
 *(SORT_BY_ALIGNMENT(SORT_BY_NAME(.flashdata*)))
                0x100042d0                        . = ALIGN (0x4)

.ARM.extab
 *(.ARM.extab* .gnu.linkonce.armextab.*)
                0x100042d0                        __exidx_start = .

.ARM.exidx
 *(.ARM.exidx* .gnu.linkonce.armexidx.*)
                0x100042d0                        __exidx_end = .
                0x100042d0                        . = ALIGN (0x4)
                0x100042d0                        __binary_info_start = .

.binary_info    0x100042d0       0x24
 *(.binary_info.keep.*)
 .binary_info.keep.__bi_ptr84
                0x100042d0        0x4 CMakeFiles/dolos.dir/home/stheffanny/pico-sdk-clean/src/rp2_common/pico_standard_binary_info/standard_binary_info.c.o
 .binary_info.keep.__bi_ptr78
                0x100042d4        0x4 CMakeFiles/dolos.dir/home/stheffanny/pico-sdk-clean/src/rp2_common/pico_standard_binary_info/standard_binary_info.c.o
 .binary_info.keep.__bi_ptr54
                0x100042d8        0x4 CMakeFiles/dolos.dir/home/stheffanny/pico-sdk-clean/src/rp2_common/pico_standard_binary_info/standard_binary_info.c.o
 .binary_info.keep.__bi_ptr48
                0x100042dc        0x4 CMakeFiles/dolos.dir/home/stheffanny/pico-sdk-clean/src/rp2_common/pico_standard_binary_info/standard_binary_info.c.o
 .binary_info.keep.__bi_ptr42
                0x100042e0        0x4 CMakeFiles/dolos.dir/home/stheffanny/pico-sdk-clean/src/rp2_common/pico_standard_binary_info/standard_binary_info.c.o
 .binary_info.keep.__bi_ptr34
                0x100042e4        0x4 CMakeFiles/dolos.dir/home/stheffanny/pico-sdk-clean/src/rp2_common/pico_standard_binary_info/standard_binary_info.c.o
 .binary_info.keep.__bi_ptr26
                0x100042e8        0x4 CMakeFiles/dolos.dir/home/stheffanny/pico-sdk-clean/src/rp2_common/pico_standard_binary_info/standard_binary_info.c.o
 .binary_info.keep.__bi_ptr163
                0x100042ec        0x4 CMakeFiles/dolos.dir/home/stheffanny/pico-sdk-clean/lib/tinyusb/hw/bsp/rp2040/family.c.o
 .binary_info.keep.__bi_ptr153
                0x100042f0        0x4 CMakeFiles/dolos.dir/home/stheffanny/pico-sdk-clean/lib/tinyusb/hw/bsp/rp2040/family.c.o
 *(.binary_info.*)
                0x100042f4                        __binary_info_end = .
                0x100042f4                        . = ALIGN (0x4)

.ram_vector_table
                0x20000000       0xc0
 *(.ram_vector_table)
 .ram_vector_table
                0x20000000       0xc0 CMakeFiles/dolos.dir/home/stheffanny/pico-sdk-clean/src/rp2_common/pico_runtime_init/runtime_init.c.o
                0x20000000                ram_vector_table

.uninitialized_data
                0x200000c0        0x0
                0x200000c0                        . = ALIGN (0x4)
 *(.uninitialized_data*)

.data           0x200000c0      0xf78 load address 0x100042f4
                0x200000c0                        __data_start__ = .
 *(vtable)
 *(.time_critical*)
 .time_critical.mutex_try_enter_block_until
                0x200000c0       0x9c CMakeFiles/dolos.dir/home/stheffanny/pico-sdk-clean/src/common/pico_sync/mutex.c.o
                0x200000c0                mutex_try_enter_block_until
 .time_critical.mutex_enter_timeout_ms
                0x2000015c       0x90 CMakeFiles/dolos.dir/home/stheffanny/pico-sdk-clean/src/common/pico_sync/mutex.c.o
                0x2000015c                mutex_enter_timeout_ms
 .time_critical.mutex_exit
                0x200001ec       0x28 CMakeFiles/dolos.dir/home/stheffanny/pico-sdk-clean/src/common/pico_sync/mutex.c.o
                0x200001ec                mutex_exit
 .time_critical.reset_non_control_endpoints
                0x20000214       0x68 CMakeFiles/dolos.dir/home/stheffanny/pico-sdk-clean/lib/tinyusb/src/portable/raspberrypi/rp2040/dcd_rp2040.c.o
 .time_critical.hw_handle_buff_status
                0x2000027c       0xa0 CMakeFiles/dolos.dir/home/stheffanny/pico-sdk-clean/lib/tinyusb/src/portable/raspberrypi/rp2040/dcd_rp2040.c.o
 .time_critical.dcd_rp2040_irq
                0x2000031c      0x544 CMakeFiles/dolos.dir/home/stheffanny/pico-sdk-clean/lib/tinyusb/src/portable/raspberrypi/rp2040/dcd_rp2040.c.o
 .time_critical.prepare_ep_buffer
                0x20000860       0xe0 CMakeFiles/dolos.dir/home/stheffanny/pico-sdk-clean/lib/tinyusb/src/portable/raspberrypi/rp2040/rp2040_usb.c.o
 .time_critical.sync_ep_buffer
                0x20000940       0xa8 CMakeFiles/dolos.dir/home/stheffanny/pico-sdk-clean/lib/tinyusb/src/portable/raspberrypi/rp2040/rp2040_usb.c.o
 .time_critical._hw_endpoint_xfer_sync
                0x200009e8       0x28 CMakeFiles/dolos.dir/home/stheffanny/pico-sdk-clean/lib/tinyusb/src/portable/raspberrypi/rp2040/rp2040_usb.c.o
 .time_critical.e15_is_bulkin_ep
                0x20000a10       0x28 CMakeFiles/dolos.dir/home/stheffanny/pico-sdk-clean/lib/tinyusb/src/portable/raspberrypi/rp2040/rp2040_usb.c.o
 .time_critical.e15_is_critical_frame_period
                0x20000a38       0x34 CMakeFiles/dolos.dir/home/stheffanny/pico-sdk-clean/lib/tinyusb/src/portable/raspberrypi/rp2040/rp2040_usb.c.o
 .time_critical.hw_endpoint_reset_transfer
                0x20000a6c        0xc CMakeFiles/dolos.dir/home/stheffanny/pico-sdk-clean/lib/tinyusb/src/portable/raspberrypi/rp2040/rp2040_usb.c.o
                0x20000a6c                hw_endpoint_reset_transfer
 .time_critical._hw_endpoint_buffer_control_update32
                0x20000a78       0x50 CMakeFiles/dolos.dir/home/stheffanny/pico-sdk-clean/lib/tinyusb/src/portable/raspberrypi/rp2040/rp2040_usb.c.o
                0x20000a78                _hw_endpoint_buffer_control_update32
 .time_critical.hw_endpoint_start_next_buffer
                0x20000ac8       0x6c CMakeFiles/dolos.dir/home/stheffanny/pico-sdk-clean/lib/tinyusb/src/portable/raspberrypi/rp2040/rp2040_usb.c.o
                0x20000ac8                hw_endpoint_start_next_buffer
 .time_critical.hw_endpoint_xfer_continue
                0x20000b34       0x40 CMakeFiles/dolos.dir/home/stheffanny/pico-sdk-clean/lib/tinyusb/src/portable/raspberrypi/rp2040/rp2040_usb.c.o
                0x20000b34                hw_endpoint_xfer_continue
 .time_critical.tinyusb
                0x20000b74      0x1e0 CMakeFiles/dolos.dir/home/stheffanny/pico-sdk-clean/lib/tinyusb/src/device/usbd.c.o
                0x20000b74                dcd_event_handler
 .time_critical.flash_init_boot2_copyout
                0x20000d54       0x30 CMakeFiles/dolos.dir/home/stheffanny/pico-sdk-clean/src/rp2_common/hardware_flash/flash.c.o
 .time_critical.flash_enable_xip_via_boot2
                0x20000d84        0xc CMakeFiles/dolos.dir/home/stheffanny/pico-sdk-clean/src/rp2_common/hardware_flash/flash.c.o
 .time_critical.flash_save_hardware_state
                0x20000d90       0x20 CMakeFiles/dolos.dir/home/stheffanny/pico-sdk-clean/src/rp2_common/hardware_flash/flash.c.o
 .time_critical.flash_restore_hardware_state
                0x20000db0       0x20 CMakeFiles/dolos.dir/home/stheffanny/pico-sdk-clean/src/rp2_common/hardware_flash/flash.c.o
 .time_critical.flash_cs_force
                0x20000dd0       0x38 CMakeFiles/dolos.dir/home/stheffanny/pico-sdk-clean/src/rp2_common/hardware_flash/flash.c.o
 .time_critical.flash_do_cmd
                0x20000e08       0xd0 CMakeFiles/dolos.dir/home/stheffanny/pico-sdk-clean/src/rp2_common/hardware_flash/flash.c.o
                0x20000e08                flash_do_cmd
 *(.text*)
 .text          0x20000ed8        0x4 /usr/lib/gcc/arm-none-eabi/13.2.1/thumb/v6-m/nofp/libgcc.a(_dvmd_tls.o)
                0x20000ed8                __aeabi_ldiv0
                0x20000ed8                __aeabi_idiv0
 *fill*         0x20000edc        0x4 
 .text.__stub   0x20000ee0       0x80 linker stubs
                0x20000f60                        . = ALIGN (0x4)
 *(.rodata*)
                0x20000f60                        . = ALIGN (0x4)
 *(.data*)
 .data.striped_spin_lock_num
                0x20000f60        0x1 CMakeFiles/dolos.dir/home/stheffanny/pico-sdk-clean/src/rp2_common/hardware_sync/sync.c.o
 *fill*         0x20000f61        0x3 
 .data          0x20000f64       0x48 CMakeFiles/dolos.dir/home/stheffanny/pico-sdk-clean/src/rp2_common/hardware_irq/irq_handler_chain.S.o
                0x20000f64                irq_handler_chain_slots
                0x20000f94                irq_handler_chain_first_slot
                0x20000f9e                irq_handler_chain_remove_tail
 .data.default_alarm_pool
                0x20000fac       0x18 CMakeFiles/dolos.dir/home/stheffanny/pico-sdk-clean/src/common/pico_time/time.c.o
 *fill*         0x20000fc4        0xc 
 .data.aeabi_bits_funcs
                0x20000fd0       0x10 CMakeFiles/dolos.dir/home/stheffanny/pico-sdk-clean/src/rp2_common/pico_bit_ops/bit_ops_aeabi.S.o
                0x20000fd0                aeabi_bits_funcs
                0x20000fe0                aeabi_bits_funcs_end
 .data.aeabi_mem_funcs
                0x20000fe0       0x10 CMakeFiles/dolos.dir/home/stheffanny/pico-sdk-clean/src/rp2_common/pico_mem_ops/mem_ops_aeabi.S.o
                0x20000fe0                aeabi_mem_funcs
                0x20000ff0                aeabi_mem_funcs_end
 .data.stdio_uart
                0x20000ff0       0x18 CMakeFiles/dolos.dir/home/stheffanny/pico-sdk-clean/src/rp2_common/pico_stdio_uart/stdio_uart.c.o
                0x20000ff0                stdio_uart
 .data._usbd_qdef
                0x20001008       0x1c CMakeFiles/dolos.dir/home/stheffanny/pico-sdk-clean/lib/tinyusb/src/device/usbd.c.o
                0x20001008                _usbd_qdef
 .data._usbd_rhport
                0x20001024        0x1 CMakeFiles/dolos.dir/home/stheffanny/pico-sdk-clean/lib/tinyusb/src/device/usbd.c.o
                0x20001028                        . = ALIGN (0x4)
 *fill*         0x20001025        0x3 
 *(.after_data.*)
                0x20001028                        . = ALIGN (0x4)
                0x20001028                        PROVIDE (__mutex_array_start = .)
 *(SORT_BY_NAME(.mutex_array.*))
 *(.mutex_array)
 .mutex_array   0x20001028        0x8 CMakeFiles/dolos.dir/home/stheffanny/pico-sdk-clean/src/rp2_common/pico_malloc/malloc.c.o
 .mutex_array   0x20001030        0x8 CMakeFiles/dolos.dir/home/stheffanny/pico-sdk-clean/src/rp2_common/pico_stdio/stdio.c.o
                0x20001038                        PROVIDE (__mutex_array_end = .)
                0x20001038                        . = ALIGN (0x4)
 *(.jcr)
                0x20001038                        . = ALIGN (0x4)

.tm_clone_table
                0x20001038        0x0 load address 0x1000526c
 .tm_clone_table
                0x20001038        0x0 /usr/lib/gcc/arm-none-eabi/13.2.1/thumb/v6-m/nofp/crtbegin.o
 .tm_clone_table
                0x20001038        0x0 /usr/lib/gcc/arm-none-eabi/13.2.1/thumb/v6-m/nofp/crtend.o

.igot.plt       0x20001038        0x0 load address 0x1000526c
 .igot.plt      0x20001038        0x0 /usr/lib/gcc/arm-none-eabi/13.2.1/thumb/v6-m/nofp/crtbegin.o

.tdata          0x20001038        0x0 load address 0x1000526c
                0x20001038                        . = ALIGN (0x4)
 *(.tdata .tdata.* .gnu.linkonce.td.*)
                0x20001038                        __tdata_end = .
                0x20001038                        PROVIDE (__data_end__ = .)
                0x100042f4                        __etext = LOADADDR (.data)

.tbss           0x20001038        0x0 load address 0x1000526c
                0x20001038                        . = ALIGN (0x4)
                0x20001038                        __bss_start__ = .
                0x20001038                        __tls_base = .
 *(.tbss .tbss.* .gnu.linkonce.tb.*)
 *(.tcommon)
                0x20001038                        __tls_end = .

.bss            0x20001038      0xdc0 load address 0x1000526c
                0x20001038                        . = ALIGN (0x4)
                0x20001038                        __tbss_end = .
 *(SORT_BY_ALIGNMENT(SORT_BY_NAME(.bss*)))
 .bss.default_alarm_pool_entries
                0x20001038      0x180 CMakeFiles/dolos.dir/home/stheffanny/pico-sdk-clean/src/common/pico_time/time.c.o
 .bss.sd_table  0x200011b8      0x100 CMakeFiles/dolos.dir/home/stheffanny/pico-sdk-clean/src/rp2_common/pico_double/double_init_rom_rp2040.c.o
                0x200011b8                sd_table
 .bss.sf_table  0x200012b8      0x100 CMakeFiles/dolos.dir/home/stheffanny/pico-sdk-clean/src/rp2_common/pico_float/float_init_rom_rp2040.c.o
                0x200012b8                sf_table
 .bss           0x200013b8       0x1c /usr/lib/gcc/arm-none-eabi/13.2.1/thumb/v6-m/nofp/crtbegin.o
 .bss           0x200013d4      0x190 /usr/lib/gcc/arm-none-eabi/13.2.1/../../../arm-none-eabi/lib/thumb/v6-m/nofp/libg.a(libc_a-__atexit.o)
                0x200013d4                __atexit0
 .bss           0x20001564        0x4 /usr/lib/gcc/arm-none-eabi/13.2.1/../../../arm-none-eabi/lib/thumb/v6-m/nofp/libg.a(libc_a-__call_atexit.o)
                0x20001564                __atexit
 .bss._app_driver
                0x20001568        0x4 CMakeFiles/dolos.dir/home/stheffanny/pico-sdk-clean/lib/tinyusb/src/device/usbd.c.o
 .bss._cdcd_epbuf
                0x2000156c       0x80 CMakeFiles/dolos.dir/home/stheffanny/pico-sdk-clean/lib/tinyusb/src/class/cdc/cdc_device.c.o
 .bss._cdcd_fifo_cfg
                0x200015ec        0x1 CMakeFiles/dolos.dir/home/stheffanny/pico-sdk-clean/lib/tinyusb/src/class/cdc/cdc_device.c.o
 *fill*         0x200015ed        0x3 
 .bss._cdcd_itf
                0x200015f0       0xc8 CMakeFiles/dolos.dir/home/stheffanny/pico-sdk-clean/lib/tinyusb/src/class/cdc/cdc_device.c.o
 .bss._ctrl_epbuf
                0x200016b8       0x40 CMakeFiles/dolos.dir/home/stheffanny/pico-sdk-clean/lib/tinyusb/src/device/usbd_control.c.o
 .bss._ctrl_xfer
                0x200016f8       0x14 CMakeFiles/dolos.dir/home/stheffanny/pico-sdk-clean/lib/tinyusb/src/device/usbd_control.c.o
 .bss._desc_str
                0x2000170c       0x42 CMakeFiles/dolos.dir/src/transport/usb_descriptors.c.o
 *fill*         0x2000174e        0x2 
 .bss._tusb_rhport_role
                0x20001750        0x2 CMakeFiles/dolos.dir/home/stheffanny/pico-sdk-clean/lib/tinyusb/src/tusb.c.o
                0x20001750                _tusb_rhport_role
 *fill*         0x20001752        0x2 
 .bss._ubsd_mutexdef
                0x20001754        0x8 CMakeFiles/dolos.dir/home/stheffanny/pico-sdk-clean/lib/tinyusb/src/device/usbd.c.o
 .bss._usbd_dev
                0x2000175c       0x54 CMakeFiles/dolos.dir/home/stheffanny/pico-sdk-clean/lib/tinyusb/src/device/usbd.c.o
 .bss._usbd_mutex
                0x200017b0        0x4 CMakeFiles/dolos.dir/home/stheffanny/pico-sdk-clean/lib/tinyusb/src/device/usbd.c.o
 .bss._usbd_q   0x200017b4        0x4 CMakeFiles/dolos.dir/home/stheffanny/pico-sdk-clean/lib/tinyusb/src/device/usbd.c.o
 .bss._usbd_qdef_buf
                0x200017b8       0xc0 CMakeFiles/dolos.dir/home/stheffanny/pico-sdk-clean/lib/tinyusb/src/device/usbd.c.o
                0x200017b8                _usbd_qdef_buf
 .bss.boot2_copyout
                0x20001878      0x100 CMakeFiles/dolos.dir/home/stheffanny/pico-sdk-clean/src/rp2_common/hardware_flash/flash.c.o
 .bss.chars_available_callback
                0x20001978        0x4 CMakeFiles/dolos.dir/home/stheffanny/pico-sdk-clean/src/rp2_common/pico_stdio_uart/stdio_uart.c.o
 .bss.chars_available_param
                0x2000197c        0x4 CMakeFiles/dolos.dir/home/stheffanny/pico-sdk-clean/src/rp2_common/pico_stdio_uart/stdio_uart.c.o
 .bss.claimed   0x20001980        0x4 CMakeFiles/dolos.dir/home/stheffanny/pico-sdk-clean/src/rp2_common/hardware_sync/sync.c.o
 .bss.claimed   0x20001984        0x1 CMakeFiles/dolos.dir/home/stheffanny/pico-sdk-clean/src/rp2_common/hardware_timer/timer.c.o
 *fill*         0x20001985        0x3 
 .bss.configured_freq
                0x20001988       0x28 CMakeFiles/dolos.dir/home/stheffanny/pico-sdk-clean/src/rp2_common/hardware_clocks/clocks.c.o
 .bss.drivers   0x200019b0        0x4 CMakeFiles/dolos.dir/home/stheffanny/pico-sdk-clean/src/rp2_common/pico_stdio/stdio.c.o
 .bss.e15_last_sof
                0x200019b4        0x4 CMakeFiles/dolos.dir/home/stheffanny/pico-sdk-clean/lib/tinyusb/src/portable/raspberrypi/rp2040/rp2040_usb.c.o
                0x200019b4                e15_last_sof
 .bss.filter    0x200019b8        0x4 CMakeFiles/dolos.dir/home/stheffanny/pico-sdk-clean/src/rp2_common/pico_stdio/stdio.c.o
 .bss.hw_endpoints
                0x200019bc      0x400 CMakeFiles/dolos.dir/home/stheffanny/pico-sdk-clean/lib/tinyusb/src/portable/raspberrypi/rp2040/dcd_rp2040.c.o
 .bss.lazy_vsnprintf
                0x20001dbc        0x4 CMakeFiles/dolos.dir/home/stheffanny/pico-sdk-clean/src/rp2_common/pico_printf/printf.c.o
 .bss.next_buffer_ptr
                0x20001dc0        0x4 CMakeFiles/dolos.dir/home/stheffanny/pico-sdk-clean/lib/tinyusb/src/portable/raspberrypi/rp2040/dcd_rp2040.c.o
 .bss.pools     0x20001dc4       0x10 CMakeFiles/dolos.dir/home/stheffanny/pico-sdk-clean/src/common/pico_time/time.c.o
 .bss.retrieved_id
                0x20001dd4        0x8 CMakeFiles/dolos.dir/home/stheffanny/pico-sdk-clean/src/rp2_common/pico_unique_id/unique_id.c.o
 .bss.sf_clz_func
                0x20001ddc        0x4 CMakeFiles/dolos.dir/home/stheffanny/pico-sdk-clean/src/rp2_common/pico_double/double_init_rom_rp2040.c.o
                0x20001ddc                sf_clz_func
 .bss.sleep_notifier
                0x20001de0        0x4 CMakeFiles/dolos.dir/home/stheffanny/pico-sdk-clean/src/common/pico_time/time.c.o
 .bss.uart_char_to_line_feed
                0x20001de4        0x4 CMakeFiles/dolos.dir/home/stheffanny/pico-sdk-clean/src/rp2_common/hardware_uart/uart.c.o
                0x20001de4                uart_char_to_line_feed
 .bss.uart_inst
                0x20001de8        0x4 CMakeFiles/dolos.dir/home/stheffanny/pico-sdk-clean/lib/tinyusb/hw/bsp/rp2040/family.c.o
 .bss.uart_instance
                0x20001dec        0x4 CMakeFiles/dolos.dir/home/stheffanny/pico-sdk-clean/src/rp2_common/pico_stdio_uart/stdio_uart.c.o
 .bss._app_driver_count
                0x20001df0        0x1 CMakeFiles/dolos.dir/home/stheffanny/pico-sdk-clean/lib/tinyusb/src/device/usbd.c.o
 .bss._sof_enable
                0x20001df1        0x1 CMakeFiles/dolos.dir/home/stheffanny/pico-sdk-clean/lib/tinyusb/src/portable/raspberrypi/rp2040/dcd_rp2040.c.o
 .bss._usbd_queued_setup
                0x20001df2        0x1 CMakeFiles/dolos.dir/home/stheffanny/pico-sdk-clean/lib/tinyusb/src/device/usbd.c.o
 .bss.boot2_copyout_valid
                0x20001df3        0x1 CMakeFiles/dolos.dir/home/stheffanny/pico-sdk-clean/src/rp2_common/hardware_flash/flash.c.o
 .bss.current_state
                0x20001df4        0x1 CMakeFiles/dolos.dir/src/main.c.o
                0x20001df4                current_state
 .bss.irq_handler_chain_free_slot_head
                0x20001df5        0x1 CMakeFiles/dolos.dir/home/stheffanny/pico-sdk-clean/src/rp2_common/hardware_irq/irq.c.o
 *(COMMON)
                0x20001df8                        . = ALIGN (0x4)
 *fill*         0x20001df6        0x2 
                0x20001df8                        __bss_end__ = .

.heap           0x20001df8      0x800 load address 0x1000526c
                0x20001df8                        __end__ = .
                0x20001df8                        end = __end__
 *(.heap*)
 .heap          0x20001df8      0x800 CMakeFiles/dolos.dir/home/stheffanny/pico-sdk-clean/src/rp2_common/pico_crt0/crt0.S.o
                0x20040000                        __HeapLimit = (ORIGIN (RAM) + LENGTH (RAM))

.scratch_x      0x20040000        0x0 load address 0x1000526c
                0x20040000                        __scratch_x_start__ = .
 *(.scratch_x.*)
                0x20040000                        . = ALIGN (0x4)
                0x20040000                        __scratch_x_end__ = .
                0x1000526c                        __scratch_x_source__ = LOADADDR (.scratch_x)

.scratch_y      0x20041000        0x0 load address 0x1000526c
                0x20041000                        __scratch_y_start__ = .
 *(.scratch_y.*)
                0x20041000                        . = ALIGN (0x4)
                0x20041000                        __scratch_y_end__ = .
                0x1000526c                        __scratch_y_source__ = LOADADDR (.scratch_y)

.stack1_dummy   0x20040000      0x800
 *(.stack1*)
 .stack1        0x20040000      0x800 CMakeFiles/dolos.dir/home/stheffanny/pico-sdk-clean/src/rp2_common/pico_multicore/multicore.c.o

.stack_dummy    0x20041000      0x800
 *(.stack*)
 .stack         0x20041000      0x800 CMakeFiles/dolos.dir/home/stheffanny/pico-sdk-clean/src/rp2_common/pico_crt0/crt0.S.o

.rel.dyn        0x20041800        0x0
 .rel.iplt      0x20041800        0x0 /usr/lib/gcc/arm-none-eabi/13.2.1/thumb/v6-m/nofp/crtbegin.o

.flash_end      0x1000526c        0x0
 *(.embedded_end_block*)
                0x1000526c                        PROVIDE (__flash_binary_end = .)
                0x20040000                        __StackLimit = (ORIGIN (RAM) + LENGTH (RAM))
                0x20041000                        __StackOneTop = (ORIGIN (SCRATCH_X) + LENGTH (SCRATCH_X))
                0x20042000                        __StackTop = (ORIGIN (SCRATCH_Y) + LENGTH (SCRATCH_Y))
                0x20040800                        __StackOneBottom = (__StackOneTop - SIZEOF (.stack1_dummy))
                0x20041800                        __StackBottom = (__StackTop - SIZEOF (.stack_dummy))
                0x20042000                        PROVIDE (__stack = __StackTop)
                [!provide]                        PROVIDE (__heap_start = __end__)
                [!provide]                        PROVIDE (__heap_end = __HeapLimit)
                [!provide]                        PROVIDE (__tls_align = MAX (ALIGNOF (.tdata), ALIGNOF (.tbss)))
                [!provide]                        PROVIDE (__tls_size_align = (((__tls_size + __tls_align) - 0x1) & ~ ((__tls_align - 0x1))))
                [!provide]                        PROVIDE (__arm32_tls_tcb_offset = MAX (0x8, __tls_align))
                [!provide]                        PROVIDE (_end = __end__)
                [!provide]                        PROVIDE (__llvm_libc_heap_limit = __HeapLimit)
                0x00000001                        ASSERT ((__StackLimit >= __HeapLimit), region RAM overflowed)
                0x00000001                        ASSERT (((__binary_info_header_end - __logical_binary_start) <= 0x100), Binary info must be in first 256 bytes of the binary)
LOAD CMakeFiles/dolos.dir/src/main.c.o
LOAD CMakeFiles/dolos.dir/src/platform/platform_init.c.o
LOAD CMakeFiles/dolos.dir/src/transport/usb_transport.c.o
LOAD CMakeFiles/dolos.dir/src/transport/usb_descriptors.c.o
LOAD CMakeFiles/dolos.dir/home/stheffanny/pico-sdk-clean/src/rp2_common/pico_stdlib/stdlib.c.o
LOAD CMakeFiles/dolos.dir/home/stheffanny/pico-sdk-clean/src/rp2_common/hardware_gpio/gpio.c.o
LOAD CMakeFiles/dolos.dir/home/stheffanny/pico-sdk-clean/src/rp2040/pico_platform/platform.c.o
LOAD CMakeFiles/dolos.dir/home/stheffanny/pico-sdk-clean/src/rp2_common/pico_platform_common/common.c.o
LOAD CMakeFiles/dolos.dir/home/stheffanny/pico-sdk-clean/src/rp2_common/pico_platform_panic/panic.c.o
LOAD CMakeFiles/dolos.dir/home/stheffanny/pico-sdk-clean/src/common/hardware_claim/claim.c.o
LOAD CMakeFiles/dolos.dir/home/stheffanny/pico-sdk-clean/src/rp2_common/hardware_sync/sync.c.o
LOAD CMakeFiles/dolos.dir/home/stheffanny/pico-sdk-clean/src/rp2_common/hardware_sync_spin_lock/sync_spin_lock.c.o
LOAD CMakeFiles/dolos.dir/home/stheffanny/pico-sdk-clean/src/rp2_common/hardware_irq/irq.c.o
LOAD CMakeFiles/dolos.dir/home/stheffanny/pico-sdk-clean/src/rp2_common/hardware_irq/irq_handler_chain.S.o
LOAD CMakeFiles/dolos.dir/home/stheffanny/pico-sdk-clean/src/common/pico_sync/sem.c.o
LOAD CMakeFiles/dolos.dir/home/stheffanny/pico-sdk-clean/src/common/pico_sync/lock_core.c.o
LOAD CMakeFiles/dolos.dir/home/stheffanny/pico-sdk-clean/src/common/pico_sync/mutex.c.o
LOAD CMakeFiles/dolos.dir/home/stheffanny/pico-sdk-clean/src/common/pico_sync/critical_section.c.o
LOAD CMakeFiles/dolos.dir/home/stheffanny/pico-sdk-clean/src/common/pico_time/time.c.o
LOAD CMakeFiles/dolos.dir/home/stheffanny/pico-sdk-clean/src/common/pico_time/timeout_helper.c.o
LOAD CMakeFiles/dolos.dir/home/stheffanny/pico-sdk-clean/src/rp2_common/hardware_timer/timer.c.o
LOAD CMakeFiles/dolos.dir/home/stheffanny/pico-sdk-clean/src/common/pico_util/datetime.c.o
LOAD CMakeFiles/dolos.dir/home/stheffanny/pico-sdk-clean/src/common/pico_util/pheap.c.o
LOAD CMakeFiles/dolos.dir/home/stheffanny/pico-sdk-clean/src/common/pico_util/queue.c.o
LOAD CMakeFiles/dolos.dir/home/stheffanny/pico-sdk-clean/src/rp2_common/hardware_uart/uart.c.o
LOAD CMakeFiles/dolos.dir/home/stheffanny/pico-sdk-clean/src/rp2_common/hardware_clocks/clocks.c.o
LOAD CMakeFiles/dolos.dir/home/stheffanny/pico-sdk-clean/src/rp2_common/hardware_pll/pll.c.o
LOAD CMakeFiles/dolos.dir/home/stheffanny/pico-sdk-clean/src/rp2_common/hardware_vreg/vreg.c.o
LOAD CMakeFiles/dolos.dir/home/stheffanny/pico-sdk-clean/src/rp2_common/hardware_watchdog/watchdog.c.o
LOAD CMakeFiles/dolos.dir/home/stheffanny/pico-sdk-clean/src/rp2_common/hardware_ticks/ticks.c.o
LOAD CMakeFiles/dolos.dir/home/stheffanny/pico-sdk-clean/src/rp2_common/pico_bootrom/bootrom.c.o
LOAD CMakeFiles/dolos.dir/home/stheffanny/pico-sdk-clean/src/rp2_common/pico_bootrom/bootrom_lock.c.o
LOAD CMakeFiles/dolos.dir/home/stheffanny/pico-sdk-clean/src/rp2_common/hardware_boot_lock/boot_lock.c.o
LOAD CMakeFiles/dolos.dir/home/stheffanny/pico-sdk-clean/src/rp2_common/pico_flash/flash.c.o
LOAD CMakeFiles/dolos.dir/home/stheffanny/pico-sdk-clean/src/rp2_common/hardware_xosc/xosc.c.o
LOAD CMakeFiles/dolos.dir/home/stheffanny/pico-sdk-clean/src/rp2_common/hardware_divider/divider.S.o
LOAD CMakeFiles/dolos.dir/home/stheffanny/pico-sdk-clean/src/rp2_common/pico_runtime/runtime.c.o
LOAD CMakeFiles/dolos.dir/home/stheffanny/pico-sdk-clean/src/rp2_common/pico_runtime_init/runtime_init.c.o
LOAD CMakeFiles/dolos.dir/home/stheffanny/pico-sdk-clean/src/rp2_common/pico_runtime_init/runtime_init_clocks.c.o
LOAD CMakeFiles/dolos.dir/home/stheffanny/pico-sdk-clean/src/rp2_common/pico_runtime_init/runtime_init_stack_guard.c.o
LOAD CMakeFiles/dolos.dir/home/stheffanny/pico-sdk-clean/src/rp2_common/pico_bit_ops/bit_ops_aeabi.S.o
LOAD CMakeFiles/dolos.dir/home/stheffanny/pico-sdk-clean/src/rp2_common/pico_divider/divider_hardware.S.o
LOAD CMakeFiles/dolos.dir/home/stheffanny/pico-sdk-clean/src/rp2_common/pico_double/double_aeabi_rp2040.S.o
LOAD CMakeFiles/dolos.dir/home/stheffanny/pico-sdk-clean/src/rp2_common/pico_double/double_init_rom_rp2040.c.o
LOAD CMakeFiles/dolos.dir/home/stheffanny/pico-sdk-clean/src/rp2_common/pico_double/double_math.c.o
LOAD CMakeFiles/dolos.dir/home/stheffanny/pico-sdk-clean/src/rp2_common/pico_double/double_v1_rom_shim_rp2040.S.o
LOAD CMakeFiles/dolos.dir/home/stheffanny/pico-sdk-clean/src/rp2_common/pico_int64_ops/pico_int64_ops_aeabi.S.o
LOAD CMakeFiles/dolos.dir/home/stheffanny/pico-sdk-clean/src/rp2_common/pico_float/float_aeabi_rp2040.S.o
LOAD CMakeFiles/dolos.dir/home/stheffanny/pico-sdk-clean/src/rp2_common/pico_float/float_init_rom_rp2040.c.o
LOAD CMakeFiles/dolos.dir/home/stheffanny/pico-sdk-clean/src/rp2_common/pico_float/float_math.c.o
LOAD CMakeFiles/dolos.dir/home/stheffanny/pico-sdk-clean/src/rp2_common/pico_float/float_v1_rom_shim_rp2040.S.o
LOAD CMakeFiles/dolos.dir/home/stheffanny/pico-sdk-clean/src/rp2_common/pico_malloc/malloc.c.o
LOAD CMakeFiles/dolos.dir/home/stheffanny/pico-sdk-clean/src/rp2_common/pico_mem_ops/mem_ops_aeabi.S.o
LOAD CMakeFiles/dolos.dir/home/stheffanny/pico-sdk-clean/src/rp2_common/pico_atomic/atomic.c.o
LOAD CMakeFiles/dolos.dir/home/stheffanny/pico-sdk-clean/src/rp2_common/pico_cxx_options/new_delete.cpp.o
LOAD CMakeFiles/dolos.dir/home/stheffanny/pico-sdk-clean/src/rp2_common/pico_standard_binary_info/standard_binary_info.c.o
LOAD CMakeFiles/dolos.dir/home/stheffanny/pico-sdk-clean/src/rp2_common/pico_printf/printf.c.o
LOAD CMakeFiles/dolos.dir/home/stheffanny/pico-sdk-clean/src/rp2_common/pico_crt0/crt0.S.o
LOAD CMakeFiles/dolos.dir/home/stheffanny/pico-sdk-clean/src/rp2_common/pico_clib_interface/newlib_interface.c.o
LOAD CMakeFiles/dolos.dir/home/stheffanny/pico-sdk-clean/src/rp2_common/pico_stdio/stdio.c.o
LOAD CMakeFiles/dolos.dir/home/stheffanny/pico-sdk-clean/src/rp2_common/pico_stdio_uart/stdio_uart.c.o
LOAD CMakeFiles/dolos.dir/home/stheffanny/pico-sdk-clean/src/rp2_common/pico_multicore/multicore.c.o
LOAD CMakeFiles/dolos.dir/home/stheffanny/pico-sdk-clean/lib/tinyusb/src/portable/raspberrypi/rp2040/dcd_rp2040.c.o
LOAD CMakeFiles/dolos.dir/home/stheffanny/pico-sdk-clean/lib/tinyusb/src/portable/raspberrypi/rp2040/rp2040_usb.c.o
LOAD CMakeFiles/dolos.dir/home/stheffanny/pico-sdk-clean/lib/tinyusb/src/device/usbd.c.o
LOAD CMakeFiles/dolos.dir/home/stheffanny/pico-sdk-clean/lib/tinyusb/src/device/usbd_control.c.o
LOAD CMakeFiles/dolos.dir/home/stheffanny/pico-sdk-clean/lib/tinyusb/src/class/audio/audio_device.c.o
LOAD CMakeFiles/dolos.dir/home/stheffanny/pico-sdk-clean/lib/tinyusb/src/class/cdc/cdc_device.c.o
LOAD CMakeFiles/dolos.dir/home/stheffanny/pico-sdk-clean/lib/tinyusb/src/class/dfu/dfu_device.c.o
LOAD CMakeFiles/dolos.dir/home/stheffanny/pico-sdk-clean/lib/tinyusb/src/class/dfu/dfu_rt_device.c.o
LOAD CMakeFiles/dolos.dir/home/stheffanny/pico-sdk-clean/lib/tinyusb/src/class/hid/hid_device.c.o
LOAD CMakeFiles/dolos.dir/home/stheffanny/pico-sdk-clean/lib/tinyusb/src/class/midi/midi_device.c.o
LOAD CMakeFiles/dolos.dir/home/stheffanny/pico-sdk-clean/lib/tinyusb/src/class/msc/msc_device.c.o
LOAD CMakeFiles/dolos.dir/home/stheffanny/pico-sdk-clean/lib/tinyusb/src/class/net/ecm_rndis_device.c.o
LOAD CMakeFiles/dolos.dir/home/stheffanny/pico-sdk-clean/lib/tinyusb/src/class/net/ncm_device.c.o
LOAD CMakeFiles/dolos.dir/home/stheffanny/pico-sdk-clean/lib/tinyusb/src/class/usbtmc/usbtmc_device.c.o
LOAD CMakeFiles/dolos.dir/home/stheffanny/pico-sdk-clean/lib/tinyusb/src/class/vendor/vendor_device.c.o
LOAD CMakeFiles/dolos.dir/home/stheffanny/pico-sdk-clean/lib/tinyusb/src/class/video/video_device.c.o
LOAD CMakeFiles/dolos.dir/home/stheffanny/pico-sdk-clean/lib/tinyusb/src/tusb.c.o
LOAD CMakeFiles/dolos.dir/home/stheffanny/pico-sdk-clean/lib/tinyusb/src/common/tusb_fifo.c.o
LOAD CMakeFiles/dolos.dir/home/stheffanny/pico-sdk-clean/src/rp2_common/pico_fix/rp2040_usb_device_enumeration/rp2040_usb_device_enumeration.c.o
LOAD CMakeFiles/dolos.dir/home/stheffanny/pico-sdk-clean/lib/tinyusb/hw/bsp/rp2040/family.c.o
LOAD CMakeFiles/dolos.dir/home/stheffanny/pico-sdk-clean/src/rp2_common/pico_unique_id/unique_id.c.o
LOAD CMakeFiles/dolos.dir/home/stheffanny/pico-sdk-clean/src/rp2_common/hardware_flash/flash.c.o
LOAD CMakeFiles/dolos.dir/home/stheffanny/pico-sdk-clean/src/rp2_common/hardware_xip_cache/xip_cache.c.o
LOAD pico-sdk/src/rp2040/boot_stage2/CMakeFiles/bs2_default_library.dir/./bs2_default_padded_checksummed.S.o
LOAD /usr/lib/gcc/arm-none-eabi/13.2.1/../../../arm-none-eabi/lib/thumb/v6-m/nofp/libstdc++.a
LOAD /usr/lib/gcc/arm-none-eabi/13.2.1/../../../arm-none-eabi/lib/thumb/v6-m/nofp/libm.a
START GROUP
LOAD /usr/lib/gcc/arm-none-eabi/13.2.1/thumb/v6-m/nofp/libgcc.a
LOAD /usr/lib/gcc/arm-none-eabi/13.2.1/../../../arm-none-eabi/lib/thumb/v6-m/nofp/libg.a
LOAD /usr/lib/gcc/arm-none-eabi/13.2.1/../../../arm-none-eabi/lib/thumb/v6-m/nofp/libc.a
END GROUP
START GROUP
LOAD /usr/lib/gcc/arm-none-eabi/13.2.1/thumb/v6-m/nofp/libgcc.a
LOAD /usr/lib/gcc/arm-none-eabi/13.2.1/../../../arm-none-eabi/lib/thumb/v6-m/nofp/libc.a
LOAD /usr/lib/gcc/arm-none-eabi/13.2.1/../../../arm-none-eabi/lib/thumb/v6-m/nofp/libnosys.a
END GROUP
LOAD /usr/lib/gcc/arm-none-eabi/13.2.1/thumb/v6-m/nofp/crtend.o
LOAD /usr/lib/gcc/arm-none-eabi/13.2.1/thumb/v6-m/nofp/crtn.o
OUTPUT(dolos.elf elf32-littlearm)
LOAD linker stubs

.ARM.attributes
                0x00000000       0x28
 .ARM.attributes
                0x00000000       0x1e /usr/lib/gcc/arm-none-eabi/13.2.1/thumb/v6-m/nofp/crti.o
 .ARM.attributes
                0x0000001e       0x2c /usr/lib/gcc/arm-none-eabi/13.2.1/thumb/v6-m/nofp/crtbegin.o
 .ARM.attributes
                0x0000004a       0x2c CMakeFiles/dolos.dir/src/main.c.o
 .ARM.attributes
                0x00000076       0x2c CMakeFiles/dolos.dir/src/transport/usb_transport.c.o
 .ARM.attributes
                0x000000a2       0x2c CMakeFiles/dolos.dir/src/transport/usb_descriptors.c.o
 .ARM.attributes
                0x000000ce       0x2c CMakeFiles/dolos.dir/home/stheffanny/pico-sdk-clean/src/rp2_common/hardware_gpio/gpio.c.o
 .ARM.attributes
                0x000000fa       0x2c CMakeFiles/dolos.dir/home/stheffanny/pico-sdk-clean/src/rp2040/pico_platform/platform.c.o
 .ARM.attributes
                0x00000126       0x2c CMakeFiles/dolos.dir/home/stheffanny/pico-sdk-clean/src/rp2_common/pico_platform_panic/panic.c.o
 .ARM.attributes
                0x00000152       0x2c CMakeFiles/dolos.dir/home/stheffanny/pico-sdk-clean/src/common/hardware_claim/claim.c.o
 .ARM.attributes
                0x0000017e       0x2c CMakeFiles/dolos.dir/home/stheffanny/pico-sdk-clean/src/rp2_common/hardware_sync/sync.c.o
 .ARM.attributes
                0x000001aa       0x2c CMakeFiles/dolos.dir/home/stheffanny/pico-sdk-clean/src/rp2_common/hardware_sync_spin_lock/sync_spin_lock.c.o
 .ARM.attributes
                0x000001d6       0x2c CMakeFiles/dolos.dir/home/stheffanny/pico-sdk-clean/src/rp2_common/hardware_irq/irq.c.o
 .ARM.attributes
                0x00000202       0x22 CMakeFiles/dolos.dir/home/stheffanny/pico-sdk-clean/src/rp2_common/hardware_irq/irq_handler_chain.S.o
 .ARM.attributes
                0x00000224       0x2c CMakeFiles/dolos.dir/home/stheffanny/pico-sdk-clean/src/common/pico_sync/lock_core.c.o
 .ARM.attributes
                0x00000250       0x2c CMakeFiles/dolos.dir/home/stheffanny/pico-sdk-clean/src/common/pico_sync/mutex.c.o
 .ARM.attributes
                0x0000027c       0x2c CMakeFiles/dolos.dir/home/stheffanny/pico-sdk-clean/src/common/pico_sync/critical_section.c.o
 .ARM.attributes
                0x000002a8       0x2c CMakeFiles/dolos.dir/home/stheffanny/pico-sdk-clean/src/common/pico_time/time.c.o
 .ARM.attributes
                0x000002d4       0x2c CMakeFiles/dolos.dir/home/stheffanny/pico-sdk-clean/src/rp2_common/hardware_timer/timer.c.o
 .ARM.attributes
                0x00000300       0x2c CMakeFiles/dolos.dir/home/stheffanny/pico-sdk-clean/src/rp2_common/hardware_uart/uart.c.o
 .ARM.attributes
                0x0000032c       0x2c CMakeFiles/dolos.dir/home/stheffanny/pico-sdk-clean/src/rp2_common/hardware_clocks/clocks.c.o
 .ARM.attributes
                0x00000358       0x2c CMakeFiles/dolos.dir/home/stheffanny/pico-sdk-clean/src/rp2_common/hardware_pll/pll.c.o
 .ARM.attributes
                0x00000384       0x2c CMakeFiles/dolos.dir/home/stheffanny/pico-sdk-clean/src/rp2_common/hardware_ticks/ticks.c.o
 .ARM.attributes
                0x000003b0       0x2c CMakeFiles/dolos.dir/home/stheffanny/pico-sdk-clean/src/rp2_common/pico_bootrom/bootrom.c.o
 .ARM.attributes
                0x000003dc       0x2c CMakeFiles/dolos.dir/home/stheffanny/pico-sdk-clean/src/rp2_common/hardware_xosc/xosc.c.o
 .ARM.attributes
                0x00000408       0x2c CMakeFiles/dolos.dir/home/stheffanny/pico-sdk-clean/src/rp2_common/pico_runtime/runtime.c.o
 .ARM.attributes
                0x00000434       0x2c CMakeFiles/dolos.dir/home/stheffanny/pico-sdk-clean/src/rp2_common/pico_runtime_init/runtime_init.c.o
 .ARM.attributes
                0x00000460       0x2c CMakeFiles/dolos.dir/home/stheffanny/pico-sdk-clean/src/rp2_common/pico_runtime_init/runtime_init_clocks.c.o
 .ARM.attributes
                0x0000048c       0x22 CMakeFiles/dolos.dir/home/stheffanny/pico-sdk-clean/src/rp2_common/pico_bit_ops/bit_ops_aeabi.S.o
 .ARM.attributes
                0x000004ae       0x22 CMakeFiles/dolos.dir/home/stheffanny/pico-sdk-clean/src/rp2_common/pico_divider/divider_hardware.S.o
 .ARM.attributes
                0x000004d0       0x22 CMakeFiles/dolos.dir/home/stheffanny/pico-sdk-clean/src/rp2_common/pico_double/double_aeabi_rp2040.S.o
 .ARM.attributes
                0x000004f2       0x2c CMakeFiles/dolos.dir/home/stheffanny/pico-sdk-clean/src/rp2_common/pico_double/double_init_rom_rp2040.c.o
 .ARM.attributes
                0x0000051e       0x22 CMakeFiles/dolos.dir/home/stheffanny/pico-sdk-clean/src/rp2_common/pico_double/double_v1_rom_shim_rp2040.S.o
 .ARM.attributes
                0x00000540       0x22 CMakeFiles/dolos.dir/home/stheffanny/pico-sdk-clean/src/rp2_common/pico_int64_ops/pico_int64_ops_aeabi.S.o
 .ARM.attributes
                0x00000562       0x22 CMakeFiles/dolos.dir/home/stheffanny/pico-sdk-clean/src/rp2_common/pico_float/float_aeabi_rp2040.S.o
 .ARM.attributes
                0x00000584       0x2c CMakeFiles/dolos.dir/home/stheffanny/pico-sdk-clean/src/rp2_common/pico_float/float_init_rom_rp2040.c.o
 .ARM.attributes
                0x000005b0       0x22 CMakeFiles/dolos.dir/home/stheffanny/pico-sdk-clean/src/rp2_common/pico_float/float_v1_rom_shim_rp2040.S.o
 .ARM.attributes
                0x000005d2       0x2c CMakeFiles/dolos.dir/home/stheffanny/pico-sdk-clean/src/rp2_common/pico_malloc/malloc.c.o
 .ARM.attributes
                0x000005fe       0x22 CMakeFiles/dolos.dir/home/stheffanny/pico-sdk-clean/src/rp2_common/pico_mem_ops/mem_ops_aeabi.S.o
 .ARM.attributes
                0x00000620       0x2c CMakeFiles/dolos.dir/home/stheffanny/pico-sdk-clean/src/rp2_common/pico_standard_binary_info/standard_binary_info.c.o
 .ARM.attributes
                0x0000064c       0x2c CMakeFiles/dolos.dir/home/stheffanny/pico-sdk-clean/src/rp2_common/pico_printf/printf.c.o
 .ARM.attributes
                0x00000678       0x22 CMakeFiles/dolos.dir/home/stheffanny/pico-sdk-clean/src/rp2_common/pico_crt0/crt0.S.o
 .ARM.attributes
                0x0000069a       0x2c CMakeFiles/dolos.dir/home/stheffanny/pico-sdk-clean/src/rp2_common/pico_clib_interface/newlib_interface.c.o
 .ARM.attributes
                0x000006c6       0x2c CMakeFiles/dolos.dir/home/stheffanny/pico-sdk-clean/src/rp2_common/pico_stdio/stdio.c.o
 .ARM.attributes
                0x000006f2       0x2c CMakeFiles/dolos.dir/home/stheffanny/pico-sdk-clean/src/rp2_common/pico_stdio_uart/stdio_uart.c.o
 .ARM.attributes
                0x0000071e       0x2c CMakeFiles/dolos.dir/home/stheffanny/pico-sdk-clean/src/rp2_common/pico_multicore/multicore.c.o
 .ARM.attributes
                0x0000074a       0x2c CMakeFiles/dolos.dir/home/stheffanny/pico-sdk-clean/lib/tinyusb/src/portable/raspberrypi/rp2040/dcd_rp2040.c.o
 .ARM.attributes
                0x00000776       0x2c CMakeFiles/dolos.dir/home/stheffanny/pico-sdk-clean/lib/tinyusb/src/portable/raspberrypi/rp2040/rp2040_usb.c.o
 .ARM.attributes
                0x000007a2       0x2c CMakeFiles/dolos.dir/home/stheffanny/pico-sdk-clean/lib/tinyusb/src/device/usbd.c.o
 .ARM.attributes
                0x000007ce       0x2c CMakeFiles/dolos.dir/home/stheffanny/pico-sdk-clean/lib/tinyusb/src/device/usbd_control.c.o
 .ARM.attributes
                0x000007fa       0x2c CMakeFiles/dolos.dir/home/stheffanny/pico-sdk-clean/lib/tinyusb/src/class/cdc/cdc_device.c.o
 .ARM.attributes
                0x00000826       0x2c CMakeFiles/dolos.dir/home/stheffanny/pico-sdk-clean/lib/tinyusb/src/tusb.c.o
 .ARM.attributes
                0x00000852       0x2c CMakeFiles/dolos.dir/home/stheffanny/pico-sdk-clean/lib/tinyusb/src/common/tusb_fifo.c.o
 .ARM.attributes
                0x0000087e       0x2c CMakeFiles/dolos.dir/home/stheffanny/pico-sdk-clean/lib/tinyusb/hw/bsp/rp2040/family.c.o
 .ARM.attributes
                0x000008aa       0x2c CMakeFiles/dolos.dir/home/stheffanny/pico-sdk-clean/src/rp2_common/pico_unique_id/unique_id.c.o
 .ARM.attributes
                0x000008d6       0x2c CMakeFiles/dolos.dir/home/stheffanny/pico-sdk-clean/src/rp2_common/hardware_flash/flash.c.o
 .ARM.attributes
                0x00000902       0x22 pico-sdk/src/rp2040/boot_stage2/CMakeFiles/bs2_default_library.dir/./bs2_default_padded_checksummed.S.o
 .ARM.attributes
                0x00000924       0x1e /usr/lib/gcc/arm-none-eabi/13.2.1/thumb/v6-m/nofp/libgcc.a(_dvmd_tls.o)
 .ARM.attributes
                0x00000942       0x2c /usr/lib/gcc/arm-none-eabi/13.2.1/../../../arm-none-eabi/lib/thumb/v6-m/nofp/libg.a(libc_a-atexit.o)
 .ARM.attributes
                0x0000096e       0x2c /usr/lib/gcc/arm-none-eabi/13.2.1/../../../arm-none-eabi/lib/thumb/v6-m/nofp/libg.a(libc_a-strlen-stub.o)
 .ARM.attributes
                0x0000099a       0x2c /usr/lib/gcc/arm-none-eabi/13.2.1/../../../arm-none-eabi/lib/thumb/v6-m/nofp/libg.a(libc_a-fini.o)
 .ARM.attributes
                0x000009c6       0x2c /usr/lib/gcc/arm-none-eabi/13.2.1/../../../arm-none-eabi/lib/thumb/v6-m/nofp/libg.a(libc_a-__atexit.o)
 .ARM.attributes
                0x000009f2       0x2c /usr/lib/gcc/arm-none-eabi/13.2.1/../../../arm-none-eabi/lib/thumb/v6-m/nofp/libg.a(libc_a-__call_atexit.o)
 .ARM.attributes
                0x00000a1e       0x2c /usr/lib/gcc/arm-none-eabi/13.2.1/thumb/v6-m/nofp/crtend.o

.comment        0x00000000       0x26
 .comment       0x00000000       0x26 /usr/lib/gcc/arm-none-eabi/13.2.1/thumb/v6-m/nofp/crtbegin.o
                                 0x27 (size before relaxing)
 .comment       0x00000026       0x27 CMakeFiles/dolos.dir/src/main.c.o
 .comment       0x00000026       0x27 CMakeFiles/dolos.dir/src/transport/usb_transport.c.o
 .comment       0x00000026       0x27 CMakeFiles/dolos.dir/src/transport/usb_descriptors.c.o
 .comment       0x00000026       0x27 CMakeFiles/dolos.dir/home/stheffanny/pico-sdk-clean/src/rp2_common/hardware_gpio/gpio.c.o
 .comment       0x00000026       0x27 CMakeFiles/dolos.dir/home/stheffanny/pico-sdk-clean/src/rp2040/pico_platform/platform.c.o
 .comment       0x00000026       0x27 CMakeFiles/dolos.dir/home/stheffanny/pico-sdk-clean/src/rp2_common/pico_platform_panic/panic.c.o
 .comment       0x00000026       0x27 CMakeFiles/dolos.dir/home/stheffanny/pico-sdk-clean/src/common/hardware_claim/claim.c.o
 .comment       0x00000026       0x27 CMakeFiles/dolos.dir/home/stheffanny/pico-sdk-clean/src/rp2_common/hardware_sync/sync.c.o
 .comment       0x00000026       0x27 CMakeFiles/dolos.dir/home/stheffanny/pico-sdk-clean/src/rp2_common/hardware_sync_spin_lock/sync_spin_lock.c.o
 .comment       0x00000026       0x27 CMakeFiles/dolos.dir/home/stheffanny/pico-sdk-clean/src/rp2_common/hardware_irq/irq.c.o
 .comment       0x00000026       0x27 CMakeFiles/dolos.dir/home/stheffanny/pico-sdk-clean/src/common/pico_sync/lock_core.c.o
 .comment       0x00000026       0x27 CMakeFiles/dolos.dir/home/stheffanny/pico-sdk-clean/src/common/pico_sync/mutex.c.o
 .comment       0x00000026       0x27 CMakeFiles/dolos.dir/home/stheffanny/pico-sdk-clean/src/common/pico_sync/critical_section.c.o
 .comment       0x00000026       0x27 CMakeFiles/dolos.dir/home/stheffanny/pico-sdk-clean/src/common/pico_time/time.c.o
 .comment       0x00000026       0x27 CMakeFiles/dolos.dir/home/stheffanny/pico-sdk-clean/src/rp2_common/hardware_timer/timer.c.o
 .comment       0x00000026       0x27 CMakeFiles/dolos.dir/home/stheffanny/pico-sdk-clean/src/rp2_common/hardware_uart/uart.c.o
 .comment       0x00000026       0x27 CMakeFiles/dolos.dir/home/stheffanny/pico-sdk-clean/src/rp2_common/hardware_clocks/clocks.c.o
 .comment       0x00000026       0x27 CMakeFiles/dolos.dir/home/stheffanny/pico-sdk-clean/src/rp2_common/hardware_pll/pll.c.o
 .comment       0x00000026       0x27 CMakeFiles/dolos.dir/home/stheffanny/pico-sdk-clean/src/rp2_common/hardware_ticks/ticks.c.o
 .comment       0x00000026       0x27 CMakeFiles/dolos.dir/home/stheffanny/pico-sdk-clean/src/rp2_common/pico_bootrom/bootrom.c.o
 .comment       0x00000026       0x27 CMakeFiles/dolos.dir/home/stheffanny/pico-sdk-clean/src/rp2_common/hardware_xosc/xosc.c.o
 .comment       0x00000026       0x27 CMakeFiles/dolos.dir/home/stheffanny/pico-sdk-clean/src/rp2_common/pico_runtime/runtime.c.o
 .comment       0x00000026       0x27 CMakeFiles/dolos.dir/home/stheffanny/pico-sdk-clean/src/rp2_common/pico_runtime_init/runtime_init.c.o
 .comment       0x00000026       0x27 CMakeFiles/dolos.dir/home/stheffanny/pico-sdk-clean/src/rp2_common/pico_runtime_init/runtime_init_clocks.c.o
 .comment       0x00000026       0x27 CMakeFiles/dolos.dir/home/stheffanny/pico-sdk-clean/src/rp2_common/pico_double/double_init_rom_rp2040.c.o
 .comment       0x00000026       0x27 CMakeFiles/dolos.dir/home/stheffanny/pico-sdk-clean/src/rp2_common/pico_float/float_init_rom_rp2040.c.o
 .comment       0x00000026       0x27 CMakeFiles/dolos.dir/home/stheffanny/pico-sdk-clean/src/rp2_common/pico_malloc/malloc.c.o
 .comment       0x00000026       0x27 CMakeFiles/dolos.dir/home/stheffanny/pico-sdk-clean/src/rp2_common/pico_standard_binary_info/standard_binary_info.c.o
 .comment       0x00000026       0x27 CMakeFiles/dolos.dir/home/stheffanny/pico-sdk-clean/src/rp2_common/pico_printf/printf.c.o
 .comment       0x00000026       0x27 CMakeFiles/dolos.dir/home/stheffanny/pico-sdk-clean/src/rp2_common/pico_clib_interface/newlib_interface.c.o
 .comment       0x00000026       0x27 CMakeFiles/dolos.dir/home/stheffanny/pico-sdk-clean/src/rp2_common/pico_stdio/stdio.c.o
 .comment       0x00000026       0x27 CMakeFiles/dolos.dir/home/stheffanny/pico-sdk-clean/src/rp2_common/pico_stdio_uart/stdio_uart.c.o
 .comment       0x00000026       0x27 CMakeFiles/dolos.dir/home/stheffanny/pico-sdk-clean/src/rp2_common/pico_multicore/multicore.c.o
 .comment       0x00000026       0x27 CMakeFiles/dolos.dir/home/stheffanny/pico-sdk-clean/lib/tinyusb/src/portable/raspberrypi/rp2040/dcd_rp2040.c.o
 .comment       0x00000026       0x27 CMakeFiles/dolos.dir/home/stheffanny/pico-sdk-clean/lib/tinyusb/src/portable/raspberrypi/rp2040/rp2040_usb.c.o
 .comment       0x00000026       0x27 CMakeFiles/dolos.dir/home/stheffanny/pico-sdk-clean/lib/tinyusb/src/device/usbd.c.o
 .comment       0x00000026       0x27 CMakeFiles/dolos.dir/home/stheffanny/pico-sdk-clean/lib/tinyusb/src/device/usbd_control.c.o
 .comment       0x00000026       0x27 CMakeFiles/dolos.dir/home/stheffanny/pico-sdk-clean/lib/tinyusb/src/class/cdc/cdc_device.c.o